		LINK EDITOR MEMORY MAP


output		input		virtual
section		section		address		size

.MIPS.options                          0              28
		.MIPS.options          0              28 *ld_internal*

.reginfo                               0              18
		.reginfo               0              18 *ld_internal*

.data                                  0            7e20
		.data                  0            2000 room_info.o
		.data               2000              20 spot18_1_shape.o
		.data               2020            5470 spot18_grp_darunia.o
		.data               7490             990 spot18_grp_daruniaT.o

.strtab                                0             16c
		.strtab                0             16c *ld_internal*

.symtab                                0             120
		.symtab                0             120 *ld_internal*

.mdebug                                0             ed4
		.mdebug                0             ed4 *ld_internal*

.rel.data                              0             1f8
		.rel.data              0              20 spot18_1_shape.o
		.rel.data             20             188 spot18_grp_darunia.o
		.rel.data            1a8              50 spot18_grp_daruniaT.o

.shstrtab                              0              4a
		.shstrtab              0              4a *ld_internal*
