		LINK EDITOR MEMORY MAP


output		input		virtual
section		section		address		size

.MIPS.options                          0              28
		.MIPS.options          0              28 *ld_internal*

.reginfo                               0              18
		.reginfo               0              18 *ld_internal*

.data                                  0            43e0
		.data                  0              70 ice_doukutu_10_info.o
		.data                 70              20 ice_doukutu_10_shape.o
		.data                 90              40 ice_doukutu_10_info_d0.o
		.data                 d0            3960 ice_doukutu_grp_ice11.o
		.data               3a30             9b0 ice_doukutu_grp_ice11T.o

.strtab                                0             18a
		.strtab                0             18a *ld_internal*

.symtab                                0             110
		.symtab                0             110 *ld_internal*

.mdebug                                0             ec0
		.mdebug                0             ec0 *ld_internal*

.rel.data                              0             150
		.rel.data              0              20 ice_doukutu_10_info.o
		.rel.data             20              20 ice_doukutu_10_shape.o
		.rel.data             40              10 ice_doukutu_10_info_d0.o
		.rel.data             50              d8 ice_doukutu_grp_ice11.o
		.rel.data            128              28 ice_doukutu_grp_ice11T.o

.shstrtab                              0              4a
		.shstrtab              0              4a *ld_internal*
