		LINK EDITOR MEMORY MAP


output		input		virtual
section		section		address		size

.MIPS.options                          0              28
		.MIPS.options          0              28 *ld_internal*

.reginfo                               0              18
		.reginfo               0              18 *ld_internal*

.data                                  0            c010
		.data                  0            2000 room_info.o
		.data               2000              20 spot16_0_shape.o
		.data               2020            9640 spot16_grp_spot18.o
		.data               b660             9b0 spot16_grp_spot18T.o

.strtab                                0             633
		.strtab                0             633 *ld_internal*

.symtab                                0             530
		.symtab                0             530 *ld_internal*

.mdebug                                0            43a8
		.mdebug                0            43a8 *ld_internal*

.rel.data                              0             a48
		.rel.data              0              20 spot16_0_shape.o
		.rel.data             20             958 spot16_grp_spot18.o
		.rel.data            978              d0 spot16_grp_spot18T.o

.shstrtab                              0              4a
		.shstrtab              0              4a *ld_internal*
