		LINK EDITOR MEMORY MAP


output		input		virtual
section		section		address		size

.MIPS.options                          0              28
		.MIPS.options          0              28 *ld_internal*

.reginfo                               0              18
		.reginfo               0              18 *ld_internal*

.data                                  0            1830
		.data                  0             9f0 obj_s17wall.o
		.data                9f0              80 obj_s17wall_bgc.o
		.data                a70             1c0 obj_smork.o
		.data                c30             c00 tex.o

.strtab                                0              82
		.strtab                0              82 *ld_internal*

.symtab                                0              90
		.symtab                0              90 *ld_internal*

.mdebug                                0             51c
		.mdebug                0             51c *ld_internal*

.rel.data                              0              60
		.rel.data              0              28 obj_s17wall.o
		.rel.data             28              20 obj_s17wall_bgc.o
		.rel.data             48              18 obj_smork.o

.shstrtab                              0              4a
		.shstrtab              0              4a *ld_internal*
