		LINK EDITOR MEMORY MAP


output		input		virtual
section		section		address		size

.MIPS.options                          0              28
		.MIPS.options          0              28 *ld_internal*

.reginfo                               0              18
		.reginfo               0              18 *ld_internal*

.data                                  0            d920
		.data                  0             2d0 gerudoway_main_info.o
		.data                2d0            7250 gerudoway_bgc.o
		.data               7520            6400 gerudoway_texture.o

.strtab                                0             2a7
		.strtab                0             2a7 *ld_internal*

.symtab                                0             1b0
		.symtab                0             1b0 *ld_internal*

.mdebug                                0             878
		.mdebug                0             878 *ld_internal*

.rel.data                              0              f8
		.rel.data              0              b8 gerudoway_main_info.o
		.rel.data             b8              40 gerudoway_bgc.o

.shstrtab                              0              4a
		.shstrtab              0              4a *ld_internal*
