		LINK EDITOR MEMORY MAP


output		input		virtual
section		section		address		size

.MIPS.options                          0              28
		.MIPS.options          0              28 *ld_internal*

.reginfo                               0              18
		.reginfo               0              18 *ld_internal*

.data                                  0            16c0
		.data                  0             b40 spot04_kuchi.o
		.data                b40             380 spot04_kuchi_bgc.o
		.data                ec0             800 tex.o

.strtab                                0              56
		.strtab                0              56 *ld_internal*

.symtab                                0              60
		.symtab                0              60 *ld_internal*

.mdebug                                0             404
		.mdebug                0             404 *ld_internal*

.rel.data                              0              38
		.rel.data              0              18 spot04_kuchi.o
		.rel.data             18              20 spot04_kuchi_bgc.o

.shstrtab                              0              4a
		.shstrtab              0              4a *ld_internal*
