		LINK EDITOR MEMORY MAP


output		input		virtual
section		section		address		size

.MIPS.options                          0              28
		.MIPS.options          0              28 *ld_internal*

.reginfo                               0              18
		.reginfo               0              18 *ld_internal*

.data                                  0           25ef0
		.data                  0              30 depth_test_0_info.o
		.data                 30              30 depth_test_0_shape.o
		.data                 60             690 depth_test.o
		.data                6f0           25800 depth_test_txt.o

.strtab                                0             132
		.strtab                0             132 *ld_internal*

.symtab                                0             110
		.symtab                0             110 *ld_internal*

.mdebug                                0             544
		.mdebug                0             544 *ld_internal*

.rel.data                              0              b8
		.rel.data              0               8 depth_test_0_info.o
		.rel.data              8              18 depth_test_0_shape.o
		.rel.data             20              98 depth_test.o

.shstrtab                              0              4a
		.shstrtab              0              4a *ld_internal*
