		LINK EDITOR MEMORY MAP


output		input		virtual
section		section		address		size

.MIPS.options                          0              28
		.MIPS.options          0              28 *ld_internal*

.reginfo                               0              18
		.reginfo               0              18 *ld_internal*

.data                                  0            3b70
		.data                  0            2000 room_info.o
		.data               2000              20 HAKAdan_4_shape.o
		.data               2020            1b50 HAKAdan_grp_Haka04.o

.strtab                                0              c9
		.strtab                0              c9 *ld_internal*

.symtab                                0              a0
		.symtab                0              a0 *ld_internal*

.mdebug                                0             75c
		.mdebug                0             75c *ld_internal*

.rel.data                              0              b8
		.rel.data              0              18 HAKAdan_4_shape.o
		.rel.data             18              a0 HAKAdan_grp_Haka04.o

.shstrtab                              0              4a
		.shstrtab              0              4a *ld_internal*
