		LINK EDITOR MEMORY MAP


output		input		virtual
section		section		address		size

.MIPS.options                          0              28
		.MIPS.options          0              28 *ld_internal*

.reginfo                               0              18
		.reginfo               0              18 *ld_internal*

.data                                  0           27c80
		.data                  0              a0 link_home_0_info.o
		.data                 a0              30 link_home_0_shape.o
		.data                 d0            2330 link_home.o
		.data               2400              40 link_home_0_info_d0.o
		.data               2440              40 link_home_0_info_d1.o
		.data               2480           25800 link_home_txt.o

.strtab                                0             128
		.strtab                0             128 *ld_internal*

.symtab                                0             100
		.symtab                0             100 *ld_internal*

.mdebug                                0             740
		.mdebug                0             740 *ld_internal*

.rel.data                              0             168
		.rel.data              0              30 link_home_0_info.o
		.rel.data             30              18 link_home_0_shape.o
		.rel.data             48             100 link_home.o
		.rel.data            148              10 link_home_0_info_d0.o
		.rel.data            158              10 link_home_0_info_d1.o

.shstrtab                              0              4a
		.shstrtab              0              4a *ld_internal*
