		LINK EDITOR MEMORY MAP


output		input		virtual
section		section		address		size

.MIPS.options                          0              28
		.MIPS.options          0              28 *ld_internal*

.reginfo                               0              18
		.reginfo               0              18 *ld_internal*

.data                                  0            6fe0
		.data                  0            2000 room_info.o
		.data               2000              20 kakusiana_3_shape.o
		.data               2020            36b0 kakusiana_grp_ana04.o
		.data               56d0            1910 kakusiana_grp_ana04T.o

.strtab                                0             179
		.strtab                0             179 *ld_internal*

.symtab                                0             110
		.symtab                0             110 *ld_internal*

.mdebug                                0             ff8
		.mdebug                0             ff8 *ld_internal*

.rel.data                              0             150
		.rel.data              0              20 kakusiana_3_shape.o
		.rel.data             20              a0 kakusiana_grp_ana04.o
		.rel.data             c0              90 kakusiana_grp_ana04T.o

.shstrtab                              0              4a
		.shstrtab              0              4a *ld_internal*
