		LINK EDITOR MEMORY MAP


output		input		virtual
section		section		address		size

.MIPS.options                          0              28
		.MIPS.options          0              28 *ld_internal*

.reginfo                               0              18
		.reginfo               0              18 *ld_internal*

.data                                  0            d820
		.data                  0            2000 room_info.o
		.data               2000              20 spot12_1_shape.o
		.data               2020            a5a0 spot12_grp_yabusame.o
		.data               c5c0            1260 spot12_grp_yabusameT.o

.strtab                                0             21e
		.strtab                0             21e *ld_internal*

.symtab                                0             1b0
		.symtab                0             1b0 *ld_internal*

.mdebug                                0            1320
		.mdebug                0            1320 *ld_internal*

.rel.data                              0             4e0
		.rel.data              0              20 spot12_1_shape.o
		.rel.data             20             490 spot12_grp_yabusame.o
		.rel.data            4b0              30 spot12_grp_yabusameT.o

.shstrtab                              0              4a
		.shstrtab              0              4a *ld_internal*
