		LINK EDITOR MEMORY MAP


output		input		virtual
section		section		address		size

.MIPS.options                          0              28
		.MIPS.options          0              28 *ld_internal*

.reginfo                               0              18
		.reginfo               0              18 *ld_internal*

.data                                  0           30c90
		.data                  0              b0 kokiri_shop_0_info.o
		.data                 b0              30 kokiri_shop_0_shape.o
		.data                 e0            b3b0 kokiri_shop.o
		.data               b490           25800 kokiri_sp1_txt.o

.strtab                                0             144
		.strtab                0             144 *ld_internal*

.symtab                                0             100
		.symtab                0             100 *ld_internal*

.mdebug                                0             5ac
		.mdebug                0             5ac *ld_internal*

.rel.data                              0             320
		.rel.data              0              18 kokiri_shop_0_info.o
		.rel.data             18              18 kokiri_shop_0_shape.o
		.rel.data             30             2f0 kokiri_shop.o

.shstrtab                              0              4a
		.shstrtab              0              4a *ld_internal*
