		LINK EDITOR MEMORY MAP


output		input		virtual
section		section		address		size

.MIPS.options                          0              28
		.MIPS.options          0              28 *ld_internal*

.reginfo                               0              18
		.reginfo               0              18 *ld_internal*

.data                                  0           1f4e0
		.data                  0            2000 room_info.o
		.data               2000              20 spot18_3_shape.o
		.data               2020           17c20 spot18_grp_spot18.o
		.data              19c40            58a0 spot18_grp_spot18T.o

.strtab                                0             1c3
		.strtab                0             1c3 *ld_internal*

.symtab                                0             1a0
		.symtab                0             1a0 *ld_internal*

.mdebug                                0            1b3c
		.mdebug                0            1b3c *ld_internal*

.rel.data                              0             fc0
		.rel.data              0              20 spot18_3_shape.o
		.rel.data             20             e50 spot18_grp_spot18.o
		.rel.data            e70             150 spot18_grp_spot18T.o

.shstrtab                              0              4a
		.shstrtab              0              4a *ld_internal*
