		LINK EDITOR MEMORY MAP


output		input		virtual
section		section		address		size

.MIPS.options                          0              28
		.MIPS.options          0              28 *ld_internal*

.reginfo                               0              18
		.reginfo               0              18 *ld_internal*

.data                                  0            54b0
		.data                  0            2000 room_info.o
		.data               2000              20 kakusiana_8_shape.o
		.data               2020            3020 kakusiana_grp_ana09.o
		.data               5040             470 kakusiana_grp_ana09T.o

.strtab                                0             13f
		.strtab                0             13f *ld_internal*

.symtab                                0              f0
		.symtab                0              f0 *ld_internal*

.mdebug                                0             e18
		.mdebug                0             e18 *ld_internal*

.rel.data                              0             148
		.rel.data              0              20 kakusiana_8_shape.o
		.rel.data             20              e8 kakusiana_grp_ana09.o
		.rel.data            108              40 kakusiana_grp_ana09T.o

.shstrtab                              0              4a
		.shstrtab              0              4a *ld_internal*
