		LINK EDITOR MEMORY MAP


output		input		virtual
section		section		address		size

.MIPS.options                          0              28
		.MIPS.options          0              28 *ld_internal*

.reginfo                               0              18
		.reginfo               0              18 *ld_internal*

.data                                  0            8180
		.data                  0              a0 souko_2_info.o
		.data                 a0              90 souko_2_shape.o
		.data                130            79b0 souko_grp_sou_02.o
		.data               7ae0             6a0 souko_grp_sou_02T.o

.strtab                                0             159
		.strtab                0             159 *ld_internal*

.symtab                                0             140
		.symtab                0             140 *ld_internal*

.mdebug                                0            1100
		.mdebug                0            1100 *ld_internal*

.rel.data                              0             4b8
		.rel.data              0              18 souko_2_info.o
		.rel.data             18              58 souko_2_shape.o
		.rel.data             70             400 souko_grp_sou_02.o
		.rel.data            470              48 souko_grp_sou_02T.o

.shstrtab                              0              4a
		.shstrtab              0              4a *ld_internal*
