		LINK EDITOR MEMORY MAP


output		input		virtual
section		section		address		size

.MIPS.options                          0              28
		.MIPS.options          0              28 *ld_internal*

.reginfo                               0              18
		.reginfo               0              18 *ld_internal*

.data                                  0            56c0
		.data                  0            2000 room_info.o
		.data               2000              20 menDD_9_shape.o
		.data               2020            2ce0 men_grp_men09_00.o
		.data               4d00             9c0 men_grp_men09_00T.o

.strtab                                0              f3
		.strtab                0              f3 *ld_internal*

.symtab                                0              f0
		.symtab                0              f0 *ld_internal*

.mdebug                                0             c98
		.mdebug                0             c98 *ld_internal*

.rel.data                              0             1b8
		.rel.data              0              20 menDD_9_shape.o
		.rel.data             20             170 men_grp_men09_00.o
		.rel.data            190              28 men_grp_men09_00T.o

.shstrtab                              0              4a
		.shstrtab              0              4a *ld_internal*
