		LINK EDITOR MEMORY MAP


output		input		virtual
section		section		address		size

.MIPS.options                          0              28
		.MIPS.options          0              28 *ld_internal*

.reginfo                               0              18
		.reginfo               0              18 *ld_internal*

.data                                  0           2bc30
		.data                  0              d0 kokiri_home_0_info.o
		.data                 d0              30 kokiri_home_0_shape.o
		.data                100            6330 kokiri_home.o
		.data               6430           25800 kokiri_home_txt.o

.strtab                                0             1c0
		.strtab                0             1c0 *ld_internal*

.symtab                                0             160
		.symtab                0             160 *ld_internal*

.mdebug                                0             688
		.mdebug                0             688 *ld_internal*

.rel.data                              0             270
		.rel.data              0              18 kokiri_home_0_info.o
		.rel.data             18              18 kokiri_home_0_shape.o
		.rel.data             30             240 kokiri_home.o

.shstrtab                              0              4a
		.shstrtab              0              4a *ld_internal*
