		LINK EDITOR MEMORY MAP


output		input		virtual
section		section		address		size

.MIPS.options                          0              28
		.MIPS.options          0              28 *ld_internal*

.reginfo                               0              18
		.reginfo               0              18 *ld_internal*

.data                                  0           42390
		.data                  0           40000 main_info.o
		.data              40000            2000 hakasitarelay_texture.o
		.data              42000             390 okarina_storm.o

.bss                                   0              10
		.bss                   0              10 okarina_storm.o

.strtab                                0              75
		.strtab                0              75 *ld_internal*

.symtab                                0              70
		.symtab                0              70 *ld_internal*

.mdebug                                0             378
		.mdebug                0             378 *ld_internal*

.shstrtab                              0              45
		.shstrtab              0              45 *ld_internal*
