		LINK EDITOR MEMORY MAP


output		input		virtual
section		section		address		size

.MIPS.options                          0              28
		.MIPS.options          0              28 *ld_internal*

.reginfo                               0              18
		.reginfo               0              18 *ld_internal*

.data                                  0            7670
		.data                  0              f0 ice_doukutu_4_info.o
		.data                 f0              20 ice_doukutu_4_shape.o
		.data                110              40 ice_doukutu_4_info_d0.o
		.data                150            3fb0 ice_doukutu_grp_ice05.o
		.data               4100            3570 ice_doukutu_grp_ice05T.o

.strtab                                0             1b6
		.strtab                0             1b6 *ld_internal*

.symtab                                0             120
		.symtab                0             120 *ld_internal*

.mdebug                                0             ea0
		.mdebug                0             ea0 *ld_internal*

.rel.data                              0             1f0
		.rel.data              0              28 ice_doukutu_4_info.o
		.rel.data             28              20 ice_doukutu_4_shape.o
		.rel.data             48              10 ice_doukutu_4_info_d0.o
		.rel.data             58             148 ice_doukutu_grp_ice05.o
		.rel.data            1a0              50 ice_doukutu_grp_ice05T.o

.shstrtab                              0              4a
		.shstrtab              0              4a *ld_internal*
