		LINK EDITOR MEMORY MAP


output		input		virtual
section		section		address		size

.MIPS.options                          0              28
		.MIPS.options          0              28 *ld_internal*

.reginfo                               0              18
		.reginfo               0              18 *ld_internal*

.data                                  0           44ae0
		.data                  0           40000 main_info.o
		.data              40000            2cf0 bdanDD_s.o
		.data              42cf0            1c10 bdanDD_texture.o
		.data              44900             1e0 sakanaDD_dan_show.o

.strtab                                0             81d
		.strtab                0             81d *ld_internal*

.symtab                                0             6d0
		.symtab                0             6d0 *ld_internal*

.mdebug                                0            122c
		.mdebug                0            122c *ld_internal*

.rel.data                              0             610
		.rel.data              0             610 bdanDD_s.o

.shstrtab                              0              4a
		.shstrtab              0              4a *ld_internal*
