		LINK EDITOR MEMORY MAP


output		input		virtual
section		section		address		size

.MIPS.options                          0              28
		.MIPS.options          0              28 *ld_internal*

.reginfo                               0              18
		.reginfo               0              18 *ld_internal*

.data                                  0           30f60
		.data                  0              b0 kokiri_home5_0_info.o
		.data                 b0              30 kokiri_home5_0_shape.o
		.data                 e0           25800 kokiri5_txt.o
		.data              258e0            b680 kokiri_home5.o

.strtab                                0             175
		.strtab                0             175 *ld_internal*

.symtab                                0             120
		.symtab                0             120 *ld_internal*

.mdebug                                0             5fc
		.mdebug                0             5fc *ld_internal*

.rel.data                              0             360
		.rel.data              0              18 kokiri_home5_0_info.o
		.rel.data             18              18 kokiri_home5_0_shape.o
		.rel.data             30             330 kokiri_home5.o

.shstrtab                              0              4a
		.shstrtab              0              4a *ld_internal*
