		LINK EDITOR MEMORY MAP


output		input		virtual
section		section		address		size

.MIPS.options                          0              28
		.MIPS.options          0              28 *ld_internal*

.reginfo                               0              18
		.reginfo               0              18 *ld_internal*

.data                                  0            2090
		.data                  0              60 ddanDD_11_info.o
		.data                 60              60 ddan_11_info.o
		.data                 c0              20 ddanDD_11_shape.o
		.data                 e0            1fb0 ddan_grp_dda0b_00.o

.strtab                                0              91
		.strtab                0              91 *ld_internal*

.symtab                                0              90
		.symtab                0              90 *ld_internal*

.mdebug                                0             640
		.mdebug                0             640 *ld_internal*

.rel.data                              0             140
		.rel.data              0              18 ddanDD_11_info.o
		.rel.data             18              18 ddan_11_info.o
		.rel.data             30              18 ddanDD_11_shape.o
		.rel.data             48              f8 ddan_grp_dda0b_00.o

.shstrtab                              0              4a
		.shstrtab              0              4a *ld_internal*
