		LINK EDITOR MEMORY MAP


output		input		virtual
section		section		address		size

.MIPS.options                          0              28
		.MIPS.options          0              28 *ld_internal*

.reginfo                               0              18
		.reginfo               0              18 *ld_internal*

.data                                  0            4670
		.data                  0             300 os_matsu.o
		.data                300            4370 os_matsu_mdl.o

.strtab                                0             1a0
		.strtab                0             1a0 *ld_internal*

.symtab                                0             1d0
		.symtab                0             1d0 *ld_internal*

.mdebug                                0             7d4
		.mdebug                0             7d4 *ld_internal*

.rel.data                              0             2f8
		.rel.data              0              10 os_matsu.o
		.rel.data             10             2e8 os_matsu_mdl.o

.shstrtab                              0              4a
		.shstrtab              0              4a *ld_internal*
