		LINK EDITOR MEMORY MAP


output		input		virtual
section		section		address		size

.MIPS.options                          0              28
		.MIPS.options          0              28 *ld_internal*

.reginfo                               0              18
		.reginfo               0              18 *ld_internal*

.data                                  0            6fb0
		.data                  0            6fb0 Ane_matsu_mdl.o

.strtab                                0             1f1
		.strtab                0             1f1 *ld_internal*

.symtab                                0             220
		.symtab                0             220 *ld_internal*

.mdebug                                0             a2c
		.mdebug                0             a2c *ld_internal*

.rel.data                              0             538
		.rel.data              0             538 Ane_matsu_mdl.o

.shstrtab                              0              4a
		.shstrtab              0              4a *ld_internal*
