		LINK EDITOR MEMORY MAP


output		input		virtual
section		section		address		size

.MIPS.options                          0              28
		.MIPS.options          0              28 *ld_internal*

.reginfo                               0              18
		.reginfo               0              18 *ld_internal*

.data                                  0            1e40
		.data                  0             100 HAKAdan_20_info.o
		.data                100              40 HAKAdan_20_shape.o
		.data                140            1d00 HAKAdan_grp_Haka14.o

.strtab                                0              da
		.strtab                0              da *ld_internal*

.symtab                                0              b0
		.symtab                0              b0 *ld_internal*

.mdebug                                0             7a0
		.mdebug                0             7a0 *ld_internal*

.rel.data                              0              e0
		.rel.data              0              18 HAKAdan_20_info.o
		.rel.data             18              28 HAKAdan_20_shape.o
		.rel.data             40              a0 HAKAdan_grp_Haka14.o

.shstrtab                              0              4a
		.shstrtab              0              4a *ld_internal*
