		LINK EDITOR MEMORY MAP


output		input		virtual
section		section		address		size

.MIPS.options                          0              28
		.MIPS.options          0              28 *ld_internal*

.reginfo                               0              18
		.reginfo               0              18 *ld_internal*

.data                                  0            29b0
		.data                  0              50 HAKAdan_22_info.o
		.data                 50              20 HAKAdan_22_shape.o
		.data                 70            2940 HAKAdan_grp_Hakaff.o

.strtab                                0              7f
		.strtab                0              7f *ld_internal*

.symtab                                0              80
		.symtab                0              80 *ld_internal*

.mdebug                                0             528
		.mdebug                0             528 *ld_internal*

.rel.data                              0              c0
		.rel.data              0              10 HAKAdan_22_info.o
		.rel.data             10              18 HAKAdan_22_shape.o
		.rel.data             28              98 HAKAdan_grp_Hakaff.o

.shstrtab                              0              4a
		.shstrtab              0              4a *ld_internal*
