		LINK EDITOR MEMORY MAP


output		input		virtual
section		section		address		size

.MIPS.options                          0              28
		.MIPS.options          0              28 *ld_internal*

.reginfo                               0              18
		.reginfo               0              18 *ld_internal*

.data                                  0            4050
		.data                  0              a0 bdan_4_info.o
		.data                 a0              20 bdan_4_shape.o
		.data                 c0              80 bdan_4_info_d0.o
		.data                140            3d40 bdan_grp_bda04_00.o
		.data               3e80             1d0 bdan_grp_bda04_00T.o

.strtab                                0              b1
		.strtab                0              b1 *ld_internal*

.symtab                                0              b0
		.symtab                0              b0 *ld_internal*

.mdebug                                0             838
		.mdebug                0             838 *ld_internal*

.rel.data                              0             270
		.rel.data              0              28 bdan_4_info.o
		.rel.data             28              20 bdan_4_shape.o
		.rel.data             48              18 bdan_4_info_d0.o
		.rel.data             60             1e8 bdan_grp_bda04_00.o
		.rel.data            248              28 bdan_grp_bda04_00T.o

.shstrtab                              0              4a
		.shstrtab              0              4a *ld_internal*
