		LINK EDITOR MEMORY MAP


output		input		virtual
section		section		address		size

.MIPS.options                          0              28
		.MIPS.options          0              28 *ld_internal*

.reginfo                               0              18
		.reginfo               0              18 *ld_internal*

.data                                  0           2bf10
		.data                  0            2000 room_info.o
		.data               2000              30 shop1_0_shape.o
		.data               2030            3ee0 shop1.o
		.data               5f10             800 shop1_d.o
		.data               6710           25800 shop1_txt.o

.strtab                                0             1c3
		.strtab                0             1c3 *ld_internal*

.symtab                                0             1d0
		.symtab                0             1d0 *ld_internal*

.mdebug                                0             768
		.mdebug                0             768 *ld_internal*

.rel.data                              0             278
		.rel.data              0              18 shop1_0_shape.o
		.rel.data             18             1d0 shop1.o
		.rel.data            1e8              90 shop1_d.o

.shstrtab                              0              4a
		.shstrtab              0              4a *ld_internal*
