		LINK EDITOR MEMORY MAP


output		input		virtual
section		section		address		size

.MIPS.options                          0              28
		.MIPS.options          0              28 *ld_internal*

.reginfo                               0              18
		.reginfo               0              18 *ld_internal*

.data                                  0            b9b0
		.data                  0            2000 room_info.o
		.data               2000              20 HIDAN_8_shape.o
		.data               2020            9990 HIDAN_grp_Hid08.o

.strtab                                0             150
		.strtab                0             150 *ld_internal*

.symtab                                0             120
		.symtab                0             120 *ld_internal*

.mdebug                                0             edc
		.mdebug                0             edc *ld_internal*

.rel.data                              0             608
		.rel.data              0              18 HIDAN_8_shape.o
		.rel.data             18             5f0 HIDAN_grp_Hid08.o

.shstrtab                              0              4a
		.shstrtab              0              4a *ld_internal*
