		LINK EDITOR MEMORY MAP


output		input		virtual
section		section		address		size

.MIPS.options                          0              28
		.MIPS.options          0              28 *ld_internal*

.reginfo                               0              18
		.reginfo               0              18 *ld_internal*

.data                                  0            a330
		.data                  0            2000 room_info.o
		.data               2000              20 Bmori1_12_shape.o
		.data               2020            7930 Bmori1_grp_mor0c_00.o
		.data               9950             9e0 Bmori1_grp_mor0c_00T.o

.strtab                                0              fc
		.strtab                0              fc *ld_internal*

.symtab                                0              d0
		.symtab                0              d0 *ld_internal*

.mdebug                                0             960
		.mdebug                0             960 *ld_internal*

.rel.data                              0             6b8
		.rel.data              0              20 Bmori1_12_shape.o
		.rel.data             20             678 Bmori1_grp_mor0c_00.o
		.rel.data            698              20 Bmori1_grp_mor0c_00T.o

.shstrtab                              0              4a
		.shstrtab              0              4a *ld_internal*
