		LINK EDITOR MEMORY MAP


output		input		virtual
section		section		address		size

.MIPS.options                          0              28
		.MIPS.options          0              28 *ld_internal*

.reginfo                               0              18
		.reginfo               0              18 *ld_internal*

.data                                  0             4b0
		.data                  0              c0 besitu_main_info.o
		.data                 c0             3f0 besitu_bgc.o

.strtab                                0              5f
		.strtab                0              5f *ld_internal*

.symtab                                0              60
		.symtab                0              60 *ld_internal*

.mdebug                                0             358
		.mdebug                0             358 *ld_internal*

.rel.data                              0              58
		.rel.data              0              38 besitu_main_info.o
		.rel.data             38              20 besitu_bgc.o

.shstrtab                              0              4a
		.shstrtab              0              4a *ld_internal*
