		LINK EDITOR MEMORY MAP


output		input		virtual
section		section		address		size

.MIPS.options                          0              28
		.MIPS.options          0              28 *ld_internal*

.reginfo                               0              18
		.reginfo               0              18 *ld_internal*

.data                                  0            2930
		.data                  0             1d0 HAKAdan_16_info.o
		.data                1d0              30 HAKAdan_16_shape.o
		.data                200            2730 HAKAdan_grp_Haka10.o

.strtab                                0              9b
		.strtab                0              9b *ld_internal*

.symtab                                0              90
		.symtab                0              90 *ld_internal*

.mdebug                                0             624
		.mdebug                0             624 *ld_internal*

.rel.data                              0              c0
		.rel.data              0              18 HAKAdan_16_info.o
		.rel.data             18              20 HAKAdan_16_shape.o
		.rel.data             38              88 HAKAdan_grp_Haka10.o

.shstrtab                              0              4a
		.shstrtab              0              4a *ld_internal*
