		LINK EDITOR MEMORY MAP


output		input		virtual
section		section		address		size

.MIPS.options                          0              28
		.MIPS.options          0              28 *ld_internal*

.reginfo                               0              18
		.reginfo               0              18 *ld_internal*

.data                                  0            64d0
		.data                  0              b0 jyasinzou_24_info.o
		.data                 b0              50 jyasinzou_24_shape.o
		.data                100              30 jyasinzou_24_info_d0.o
		.data                130              30 jyasinzou_24_info_d1.o
		.data                160            51e0 jyasinzou_grp_jya18_00.o
		.data               5340            1190 jyasinzou_grp_jya18_00T.o

.strtab                                0             168
		.strtab                0             168 *ld_internal*

.symtab                                0             110
		.symtab                0             110 *ld_internal*

.mdebug                                0             df0
		.mdebug                0             df0 *ld_internal*

.rel.data                              0             280
		.rel.data              0              18 jyasinzou_24_info.o
		.rel.data             18              38 jyasinzou_24_shape.o
		.rel.data             50               8 jyasinzou_24_info_d0.o
		.rel.data             58               8 jyasinzou_24_info_d1.o
		.rel.data             60             200 jyasinzou_grp_jya18_00.o
		.rel.data            260              20 jyasinzou_grp_jya18_00T.o

.shstrtab                              0              4a
		.shstrtab              0              4a *ld_internal*
