		LINK EDITOR MEMORY MAP


output		input		virtual
section		section		address		size

.MIPS.options                          0              28
		.MIPS.options          0              28 *ld_internal*

.reginfo                               0              18
		.reginfo               0              18 *ld_internal*

.data                                  0           42080
		.data                  0           40000 main_info.o
		.data              40000             cb0 hiral_demo00.o
		.data              40cb0             410 hiral_demo01.o
		.data              410c0             790 hiral_demo02.o
		.data              41850             460 hiral_demo03.o
		.data              41cb0             3d0 hiral_demo04.o

.bss                                   0              50
		.bss                   0              10 hiral_demo00.o
		.bss                  10              10 hiral_demo01.o
		.bss                  20              10 hiral_demo02.o
		.bss                  30              10 hiral_demo03.o
		.bss                  40              10 hiral_demo04.o

.strtab                                0              7f
		.strtab                0              7f *ld_internal*

.symtab                                0              80
		.symtab                0              80 *ld_internal*

.mdebug                                0             5e0
		.mdebug                0             5e0 *ld_internal*

.shstrtab                              0              45
		.shstrtab              0              45 *ld_internal*
