		LINK EDITOR MEMORY MAP


output		input		virtual
section		section		address		size

.MIPS.options                          0              28
		.MIPS.options          0              28 *ld_internal*

.reginfo                               0              18
		.reginfo               0              18 *ld_internal*

.data                                  0           52af0
		.data                  0              a0 shrine_r_0_info.o
		.data                 a0              50 shrine_r_0_shape.o
		.data                 f0            7a00 shrine_r.o
		.data               7af0           25800 shrine_r1_txt.o
		.data              2d2f0           25800 shrine_r2_txt.o

.strtab                                0             1ef
		.strtab                0             1ef *ld_internal*

.symtab                                0             1b0
		.symtab                0             1b0 *ld_internal*

.mdebug                                0             76c
		.mdebug                0             76c *ld_internal*

.rel.data                              0             310
		.rel.data              0              18 shrine_r_0_info.o
		.rel.data             18              28 shrine_r_0_shape.o
		.rel.data             40             2d0 shrine_r.o

.shstrtab                              0              4a
		.shstrtab              0              4a *ld_internal*
