		LINK EDITOR MEMORY MAP


output		input		virtual
section		section		address		size

.MIPS.options                          0              28
		.MIPS.options          0              28 *ld_internal*

.reginfo                               0              18
		.reginfo               0              18 *ld_internal*

.data                                  0            9990
		.data                  0              c0 ganontika_3_info.o
		.data                 c0              b0 ganontika_3_shape.o
		.data                170            84c0 ganontika_grp_gat03_00.o
		.data               8630            1360 ganontika_grp_gat03_00T.o

.strtab                                0             1dd
		.strtab                0             1dd *ld_internal*

.symtab                                0             140
		.symtab                0             140 *ld_internal*

.mdebug                                0            1488
		.mdebug                0            1488 *ld_internal*

.rel.data                              0             2b8
		.rel.data              0              18 ganontika_3_info.o
		.rel.data             18              68 ganontika_3_shape.o
		.rel.data             80             218 ganontika_grp_gat03_00.o
		.rel.data            298              20 ganontika_grp_gat03_00T.o

.shstrtab                              0              4a
		.shstrtab              0              4a *ld_internal*
