		LINK EDITOR MEMORY MAP


output		input		virtual
section		section		address		size

.MIPS.options                          0              28
		.MIPS.options          0              28 *ld_internal*

.reginfo                               0              18
		.reginfo               0              18 *ld_internal*

.data                                  0            77c0
		.data                  0            2000 room_info.o
		.data               2000              20 ice_doukutu_7_shape.o
		.data               2020            1e10 ice_doukutu_grp_ice08.o
		.data               3e30            3990 ice_doukutu_grp_ice08T.o

.strtab                                0             216
		.strtab                0             216 *ld_internal*

.symtab                                0             160
		.symtab                0             160 *ld_internal*

.mdebug                                0            1460
		.mdebug                0            1460 *ld_internal*

.rel.data                              0             218
		.rel.data              0              20 ice_doukutu_7_shape.o
		.rel.data             20              d0 ice_doukutu_grp_ice08.o
		.rel.data             f0             128 ice_doukutu_grp_ice08T.o

.shstrtab                              0              4a
		.shstrtab              0              4a *ld_internal*
