		LINK EDITOR MEMORY MAP


output		input		virtual
section		section		address		size

.MIPS.options                          0              28
		.MIPS.options          0              28 *ld_internal*

.reginfo                               0              18
		.reginfo               0              18 *ld_internal*

.data                                  0            3250
		.data                  0            2000 room_info.o
		.data               2000              20 Bmori1_20_shape.o
		.data               2020            1230 Bmori1_grp_mor14_00.o

.strtab                                0              8c
		.strtab                0              8c *ld_internal*

.symtab                                0              80
		.symtab                0              80 *ld_internal*

.mdebug                                0             50c
		.mdebug                0             50c *ld_internal*

.rel.data                              0              80
		.rel.data              0              18 Bmori1_20_shape.o
		.rel.data             18              68 Bmori1_grp_mor14_00.o

.shstrtab                              0              4a
		.shstrtab              0              4a *ld_internal*
