		LINK EDITOR MEMORY MAP


output		input		virtual
section		section		address		size

.MIPS.options                          0              28
		.MIPS.options          0              28 *ld_internal*

.reginfo                               0              18
		.reginfo               0              18 *ld_internal*

.data                                  0            18c0
		.data                  0             190 firefly_foot_fly.o
		.data                190            1730 firefly_foot_fly_mdl.o

.strtab                                0             1b6
		.strtab                0             1b6 *ld_internal*

.symtab                                0             1b0
		.symtab                0             1b0 *ld_internal*

.mdebug                                0             a1c
		.mdebug                0             a1c *ld_internal*

.rel.data                              0             270
		.rel.data              0              10 firefly_foot_fly.o
		.rel.data             10             260 firefly_foot_fly_mdl.o

.shstrtab                              0              4a
		.shstrtab              0              4a *ld_internal*
