		LINK EDITOR MEMORY MAP


output		input		virtual
section		section		address		size

.MIPS.options                          0              28
		.MIPS.options          0              28 *ld_internal*

.reginfo                               0              18
		.reginfo               0              18 *ld_internal*

.data                                  0           1eb00
		.data                  0            2000 room_info.o
		.data               2000              20 spot02_1_shape.o
		.data               2020           184e0 spot02_grp_spot02.o
		.data              1a500            4600 spot02_grp_spot02T.o

.strtab                                0             456
		.strtab                0             456 *ld_internal*

.symtab                                0             3b0
		.symtab                0             3b0 *ld_internal*

.mdebug                                0            4668
		.mdebug                0            4668 *ld_internal*

.rel.data                              0             998
		.rel.data              0              20 spot02_1_shape.o
		.rel.data             20             7e8 spot02_grp_spot02.o
		.rel.data            808             190 spot02_grp_spot02T.o

.shstrtab                              0              4a
		.shstrtab              0              4a *ld_internal*
