		LINK EDITOR MEMORY MAP


output		input		virtual
section		section		address		size

.MIPS.options                          0              28
		.MIPS.options          0              28 *ld_internal*

.reginfo                               0              18
		.reginfo               0              18 *ld_internal*

.data                                  0            37a0
		.data                  0              c0 HIDANDD_11_info.o
		.data                 c0              40 HIDANDD_11_shape.o
		.data                100            36a0 HIDAN_grp_Hid0b.o

.strtab                                0             112
		.strtab                0             112 *ld_internal*

.symtab                                0              e0
		.symtab                0              e0 *ld_internal*

.mdebug                                0             82c
		.mdebug                0             82c *ld_internal*

.rel.data                              0             248
		.rel.data              0              18 HIDANDD_11_info.o
		.rel.data             18              28 HIDANDD_11_shape.o
		.rel.data             40             208 HIDAN_grp_Hid0b.o

.shstrtab                              0              4a
		.shstrtab              0              4a *ld_internal*
