		LINK EDITOR MEMORY MAP


output		input		virtual
section		section		address		size

.MIPS.options                          0              28
		.MIPS.options          0              28 *ld_internal*

.reginfo                               0              18
		.reginfo               0              18 *ld_internal*

.data                                  0            8210
		.data                  0             130 men_8_info.o
		.data                130              a0 men_8_shape.o
		.data                1d0            8040 men_grp_men08_00.o

.strtab                                0             105
		.strtab                0             105 *ld_internal*

.symtab                                0             110
		.symtab                0             110 *ld_internal*

.mdebug                                0             f1c
		.mdebug                0             f1c *ld_internal*

.rel.data                              0             3e0
		.rel.data              0              18 men_8_info.o
		.rel.data             18              58 men_8_shape.o
		.rel.data             70             370 men_grp_men08_00.o

.shstrtab                              0              4a
		.shstrtab              0              4a *ld_internal*
