		LINK EDITOR MEMORY MAP


output		input		virtual
section		section		address		size

.MIPS.options                          0              28
		.MIPS.options          0              28 *ld_internal*

.reginfo                               0              18
		.reginfo               0              18 *ld_internal*

.data                                  0            9400
		.data                  0              d0 ddan_8_info.o
		.data                 d0              20 ddan_8_shape.o
		.data                 f0            9310 ddan_grp_dda08_00.o

.strtab                                0              60
		.strtab                0              60 *ld_internal*

.symtab                                0              70
		.symtab                0              70 *ld_internal*

.mdebug                                0             67c
		.mdebug                0             67c *ld_internal*

.rel.data                              0             508
		.rel.data              0              18 ddan_8_info.o
		.rel.data             18              18 ddan_8_shape.o
		.rel.data             30             4d8 ddan_grp_dda08_00.o

.shstrtab                              0              4a
		.shstrtab              0              4a *ld_internal*
