		LINK EDITOR MEMORY MAP


output		input		virtual
section		section		address		size

.MIPS.options                          0              28
		.MIPS.options          0              28 *ld_internal*

.reginfo                               0              18
		.reginfo               0              18 *ld_internal*

.data                                  0            6190
		.data                  0              b0 jyasinzou_16_info.o
		.data                 b0              b0 jyasinzou_16_shape.o
		.data                160              30 jyasinzou_16_info_d0.o
		.data                190              30 jyasinzou_16_info_d1.o
		.data                1c0            5fd0 jyasinzou_grp_jya10_00.o

.strtab                                0             1b3
		.strtab                0             1b3 *ld_internal*

.symtab                                0             150
		.symtab                0             150 *ld_internal*

.mdebug                                0            13a4
		.mdebug                0            13a4 *ld_internal*

.rel.data                              0             360
		.rel.data              0              18 jyasinzou_16_info.o
		.rel.data             18              60 jyasinzou_16_shape.o
		.rel.data             78               8 jyasinzou_16_info_d0.o
		.rel.data             80               8 jyasinzou_16_info_d1.o
		.rel.data             88             2d8 jyasinzou_grp_jya10_00.o

.shstrtab                              0              4a
		.shstrtab              0              4a *ld_internal*
