		LINK EDITOR MEMORY MAP


output		input		virtual
section		section		address		size

.MIPS.options                          0              28
		.MIPS.options          0              28 *ld_internal*

.reginfo                               0              18
		.reginfo               0              18 *ld_internal*

.data                                  0           1c240
		.data                  0            2000 room_info.o
		.data               2000              20 spot04_0_shape.o
		.data               2020           166a0 spot04_grp_spot04_1.o
		.data              186c0            3b80 spot04_grp_spot04_1T.o

.strtab                                0             2f7
		.strtab                0             2f7 *ld_internal*

.symtab                                0             240
		.symtab                0             240 *ld_internal*

.mdebug                                0            2898
		.mdebug                0            2898 *ld_internal*

.rel.data                              0             8a8
		.rel.data              0              20 spot04_0_shape.o
		.rel.data             20             738 spot04_grp_spot04_1.o
		.rel.data            758             150 spot04_grp_spot04_1T.o

.shstrtab                              0              4a
		.shstrtab              0              4a *ld_internal*
