		LINK EDITOR MEMORY MAP


output		input		virtual
section		section		address		size

.MIPS.options                          0              28
		.MIPS.options          0              28 *ld_internal*

.reginfo                               0              18
		.reginfo               0              18 *ld_internal*

.data                                  0            4ec0
		.data                  0              e0 ydan_6_info.o
		.data                 e0              20 ydan_6_shape.o
		.data                100            4dc0 ydan_grp_yda06_00.o

.strtab                                0              60
		.strtab                0              60 *ld_internal*

.symtab                                0              70
		.symtab                0              70 *ld_internal*

.mdebug                                0             578
		.mdebug                0             578 *ld_internal*

.rel.data                              0             1e0
		.rel.data              0              18 ydan_6_info.o
		.rel.data             18              18 ydan_6_shape.o
		.rel.data             30             1b0 ydan_grp_yda06_00.o

.shstrtab                              0              4a
		.shstrtab              0              4a *ld_internal*
