		LINK EDITOR MEMORY MAP


output		input		virtual
section		section		address		size

.MIPS.options                          0              28
		.MIPS.options          0              28 *ld_internal*

.reginfo                               0              18
		.reginfo               0              18 *ld_internal*

.data                                  0            8a20
		.data                  0             110 MIZUsin_17_info.o
		.data                110             110 MIZUsin_17_shape.o
		.data                220            8800 MIZUsin_grp_Wat11.o

.strtab                                0             2b1
		.strtab                0             2b1 *ld_internal*

.symtab                                0             1a0
		.symtab                0             1a0 *ld_internal*

.mdebug                                0            1d54
		.mdebug                0            1d54 *ld_internal*

.rel.data                              0             4a0
		.rel.data              0              18 MIZUsin_17_info.o
		.rel.data             18              90 MIZUsin_17_shape.o
		.rel.data             a8             3f8 MIZUsin_grp_Wat11.o

.shstrtab                              0              4a
		.shstrtab              0              4a *ld_internal*
