		LINK EDITOR MEMORY MAP


output		input		virtual
section		section		address		size

.MIPS.options                          0              28
		.MIPS.options          0              28 *ld_internal*

.reginfo                               0              18
		.reginfo               0              18 *ld_internal*

.data                                  0            9af0
		.data                  0            2000 room_info.o
		.data               2000              20 fstdan_4_shape.o
		.data               2020            7900 fstdan_grp_fda4_00.o
		.data               9920             1d0 fstdan_grp_fda4_00T.o

.strtab                                0              b5
		.strtab                0              b5 *ld_internal*

.symtab                                0              b0
		.symtab                0              b0 *ld_internal*

.mdebug                                0             938
		.mdebug                0             938 *ld_internal*

.rel.data                              0             300
		.rel.data              0              20 fstdan_4_shape.o
		.rel.data             20             2c8 fstdan_grp_fda4_00.o
		.rel.data            2e8              18 fstdan_grp_fda4_00T.o

.shstrtab                              0              4a
		.shstrtab              0              4a *ld_internal*
