		LINK EDITOR MEMORY MAP


output		input		virtual
section		section		address		size

.MIPS.options                          0              28
		.MIPS.options          0              28 *ld_internal*

.reginfo                               0              18
		.reginfo               0              18 *ld_internal*

.data                                  0            56b0
		.data                  0            56b0 Aob_mastu_mdl.o

.strtab                                0             1e1
		.strtab                0             1e1 *ld_internal*

.symtab                                0             210
		.symtab                0             210 *ld_internal*

.mdebug                                0             a0c
		.mdebug                0             a0c *ld_internal*

.rel.data                              0             478
		.rel.data              0             478 Aob_mastu_mdl.o

.shstrtab                              0              4a
		.shstrtab              0              4a *ld_internal*
