		LINK EDITOR MEMORY MAP


output		input		virtual
section		section		address		size

.MIPS.options                          0              28
		.MIPS.options          0              28 *ld_internal*

.reginfo                               0              18
		.reginfo               0              18 *ld_internal*

.data                                  0            edc0
		.data                  0            2000 room_info.o
		.data               2000              20 ganon_final_0_shape.o
		.data               2020            c9d0 ganon_final_grp_spot15.o
		.data               e9f0             3d0 ganon_final_grp_spot15T.o

.strtab                                0             565
		.strtab                0             565 *ld_internal*

.symtab                                0             350
		.symtab                0             350 *ld_internal*

.mdebug                                0            26f4
		.mdebug                0            26f4 *ld_internal*

.rel.data                              0             e00
		.rel.data              0              20 ganon_final_0_shape.o
		.rel.data             20             db0 ganon_final_grp_spot15.o
		.rel.data            dd0              30 ganon_final_grp_spot15T.o

.shstrtab                              0              4a
		.shstrtab              0              4a *ld_internal*
