		LINK EDITOR MEMORY MAP


output		input		virtual
section		section		address		size

.MIPS.options                          0              28
		.MIPS.options          0              28 *ld_internal*

.reginfo                               0              18
		.reginfo               0              18 *ld_internal*

.data                                  0           54400
		.data                  0            2000 copyright.o
		.data               2000            9000 g_title1.o
		.data               b000            9000 g_title1_e3.o
		.data              14000            a800 g_title2.o
		.data              1e800            4000 g_title3.o
		.data              22800            6600 g_title4.o
		.data              28e00            6600 g_title4_e3.o
		.data              2f400           18c00 g_title5.o
		.data              48000            c400 titlelogo.o

.strtab                                0              6c
		.strtab                0              6c *ld_internal*

.symtab                                0              b0
		.symtab                0              b0 *ld_internal*

.mdebug                                0             780
		.mdebug                0             780 *ld_internal*

.shstrtab                              0              40
		.shstrtab              0              40 *ld_internal*
