		LINK EDITOR MEMORY MAP


output		input		virtual
section		section		address		size

.MIPS.options                          0              28
		.MIPS.options          0              28 *ld_internal*

.reginfo                               0              18
		.reginfo               0              18 *ld_internal*

.data                                  0            9c10
		.data                  0            2000 room_info.o
		.data               2000              20 spot04_1_shape.o
		.data               2020            6d20 spot04_grp_spot04_2.o
		.data               8d40             ed0 spot04_grp_spot04_2T.o

.strtab                                0             18f
		.strtab                0             18f *ld_internal*

.symtab                                0             140
		.symtab                0             140 *ld_internal*

.mdebug                                0             d34
		.mdebug                0             d34 *ld_internal*

.rel.data                              0             220
		.rel.data              0              20 spot04_1_shape.o
		.rel.data             20             1b0 spot04_grp_spot04_2.o
		.rel.data            1d0              50 spot04_grp_spot04_2T.o

.shstrtab                              0              4a
		.shstrtab              0              4a *ld_internal*
