		LINK EDITOR MEMORY MAP


output		input		virtual
section		section		address		size

.MIPS.options                          0              28
		.MIPS.options          0              28 *ld_internal*

.reginfo                               0              18
		.reginfo               0              18 *ld_internal*

.data                                  0            9470
		.data                  0            2000 room_info.o
		.data               2000              20 HAKAdan_6_shape.o
		.data               2020            7450 HAKAdan_grp_Haka06_00.o

.strtab                                0              a4
		.strtab                0              a4 *ld_internal*

.symtab                                0              90
		.symtab                0              90 *ld_internal*

.mdebug                                0             7cc
		.mdebug                0             7cc *ld_internal*

.rel.data                              0             1f0
		.rel.data              0              18 HAKAdan_6_shape.o
		.rel.data             18             1d8 HAKAdan_grp_Haka06_00.o

.shstrtab                              0              4a
		.shstrtab              0              4a *ld_internal*
