		LINK EDITOR MEMORY MAP


output		input		virtual
section		section		address		size

.MIPS.options                          0              28
		.MIPS.options          0              28 *ld_internal*

.reginfo                               0              18
		.reginfo               0              18 *ld_internal*

.data                                  0            9840
		.data                  0            2000 room_info.o
		.data               2000              20 hakaana_0_shape.o
		.data               2020            65b0 hakaana_grp_g1.o
		.data               85d0            1270 hakaana_grp_g1T.o

.strtab                                0              d2
		.strtab                0              d2 *ld_internal*

.symtab                                0              d0
		.symtab                0              d0 *ld_internal*

.mdebug                                0             e6c
		.mdebug                0             e6c *ld_internal*

.rel.data                              0             290
		.rel.data              0              20 hakaana_0_shape.o
		.rel.data             20             248 hakaana_grp_g1.o
		.rel.data            268              28 hakaana_grp_g1T.o

.shstrtab                              0              4a
		.shstrtab              0              4a *ld_internal*
