		LINK EDITOR MEMORY MAP


output		input		virtual
section		section		address		size

.MIPS.options                          0              28
		.MIPS.options          0              28 *ld_internal*

.reginfo                               0              18
		.reginfo               0              18 *ld_internal*

.data                                  0            5e30
		.data                  0             100 ydan_2_info.o
		.data                100              20 ydan_2_shape.o
		.data                120            4af0 ydan_grp_yda02_00.o
		.data               4c10            1220 ydan_grp_yda02_00T.o

.strtab                                0              85
		.strtab                0              85 *ld_internal*

.symtab                                0              90
		.symtab                0              90 *ld_internal*

.mdebug                                0             78c
		.mdebug                0             78c *ld_internal*

.rel.data                              0             250
		.rel.data              0              18 ydan_2_info.o
		.rel.data             18              20 ydan_2_shape.o
		.rel.data             38             1f8 ydan_grp_yda02_00.o
		.rel.data            230              20 ydan_grp_yda02_00T.o

.shstrtab                              0              4a
		.shstrtab              0              4a *ld_internal*
