		LINK EDITOR MEMORY MAP


output		input		virtual
section		section		address		size

.MIPS.options                          0              28
		.MIPS.options          0              28 *ld_internal*

.reginfo                               0              18
		.reginfo               0              18 *ld_internal*

.data                                  0           280c0
		.data                  0            2000 room_info.o
		.data               2000              30 golon_0_shape.o
		.data               2030             890 golon.o
		.data               28c0           25800 golon_txt.o

.strtab                                0              63
		.strtab                0              63 *ld_internal*

.symtab                                0              80
		.symtab                0              80 *ld_internal*

.mdebug                                0             3e0
		.mdebug                0             3e0 *ld_internal*

.rel.data                              0              f0
		.rel.data              0              18 golon_0_shape.o
		.rel.data             18              d8 golon.o

.shstrtab                              0              4a
		.shstrtab              0              4a *ld_internal*
