		LINK EDITOR MEMORY MAP


output		input		virtual
section		section		address		size

.MIPS.options                          0              28
		.MIPS.options          0              28 *ld_internal*

.reginfo                               0              18
		.reginfo               0              18 *ld_internal*

.data                                  0           586f0
		.data                  0             cc0 DEBUG/debug.o
		.data                cc0              70 arrow/arrow_flick.o
		.data                d30              60 arrow/arrow_hit.o
		.data                d90            1ca0 arrow/arrow_hit_mdl.o
		.data               2a30             800 blure_txt/g_bow_blure.o
		.data               3230            10d0 bom/bom_body.o
		.data               4300             220 bom/bom_handle.o
		.data               4520             470 bom_chu/bom_chu.o
		.data               4990            4120 bombB/bombB.o
		.data               8ab0              c0 bomb_fragment/bomb_fragment.o
		.data               8b70             200 bomb_fragment/tex2.o
		.data               8d70             4c0 boomerang/boomerang.o
		.data               9230              60 compas/compas2.o
		.data               9290              a0 compas/compass.o
		.data               9330             400 compas/mark.o
		.data               9730              40 compas/mark_tex.o
		.data               9770             100 compas/tetra.o
		.data               9870             400 compas/tex.o
		.data               9c70             300 cursor/cursor.o
		.data               9f70             280 ddan_hahen/ddanh_hahen.o
		.data               a1f0             1a0 ddan_hahen/stone3.o
		.data               a390            1000 ddan_hahen/tex.o
		.data               b390              f0 door/clink_demo_doorA_door.o
		.data               b480              e0 door/clink_demo_doorB_door.o
		.data               b560              c0 door/link_demo_doorA_door.o
		.data               b620            1810 door/link_demo_doorA_door_mdl.o
		.data               ce30              d0 door/link_demo_doorB_door.o
		.data               cf00              a0 dustA/dustA.o
		.data               cfa0            1140 efc_flash/efc_flash.o
		.data               e0e0            1580 efc_sword_kaiten/efc_sword_kaiten.o
		.data               f660             580 efc_sword_kaiten/efc_sword_kaiten2.o
		.data               fbe0             9d0 efc_sword_kaiten/efc_sword_tame.o
		.data              105b0            13f0 efc_sword_kaiten/efc_sword_tuki.o
		.data              119a0              d0 elf/elf_fly.o
		.data              11a70            1e90 elf/elf_fly_mdl.o
		.data              13900              80 env_texture/hi_light.o
		.data              13980             100 env_texture/hi_right.o
		.data              13a80             800 env_texture/silverI_env.o
		.data              14280            11d0 f_circle/OB_F_firecircle.o
		.data              15450              70 fish/fs2_jump.o
		.data              154c0             9e0 fish/fs2_jump_mdl.o
		.data              15ea0              c0 fish/fs2_swim.o
		.data              15f60            10b0 g_blast/g_blast.o
		.data              17010              c0 g_bubble/g_bubble.o
		.data              170d0            20a0 g_fire/g_fire.o
		.data              19170            20b0 g_goma1/g_goma1.o
		.data              1b220            1000 g_grass/g_grass.o
		.data              1c220            24a0 g_hit/g_hit.o
		.data              1e6c0            2000 g_m_fire1/m_fire1.o
		.data              206c0             ca0 g_magma/g_magma.o
		.data              21360            10a0 g_ripple/g_ripple.o
		.data              22400              a0 g_spark/g_spark.o
		.data              224a0            28a0 g_splash/g_splash2.o
		.data              24d40            20a0 g_stone1/g_stone1.o
		.data              26de0            30b0 g_thunder/g_thunder.o
		.data              29e90            50b0 g_vanish1/g_vanish1.o
		.data              2ef40            1400 getitem/getitem_keep_txt.o
		.data              30340             480 ice/ice_piece.o
		.data              307c0             740 ice/link_ice.o
		.data              30f00             1c0 insect/insect_move.o
		.data              310c0            1390 insect/insect_move_mdl.o
		.data              32450              d0 kusa/obj_ha_down.o
		.data              32520              c0 kusa/obj_ha_up.o
		.data              325e0            1000 kusa/tex.o
		.data              335e0            1110 lensflare/lensflare.o
		.data              346f0              a0 lightA/efc_flash_s.o
		.data              34790              80 lightA/tex.o
		.data              34810             5a0 link_hover/efc_link_hover.o
		.data              34db0            10b0 moon/moon.o
		.data              35e60             520 mw_point/efc_mw_point.o
		.data              36380              d0 objects/crys_bomb_image.o
		.data              36450              d0 objects/crys_heart_image.o
		.data              36520              d0 objects/crys_ya_image.o
		.data              365f0             130 objects/dam_brick_3_bgc.o
		.data              36720             230 objects/field_b1.o
		.data              36950             230 objects/field_b2.o
		.data              36b80             140 objects/field_b2_bgc.o
		.data              36cc0             240 objects/field_b3.o
		.data              36f00             130 objects/field_b3_bgc.o
		.data              37030             230 objects/field_b4.o
		.data              37260             130 objects/field_b4_bgc.o
		.data              37390             230 objects/field_b5.o
		.data              375c0             130 objects/field_b5_bgc.o
		.data              376f0             240 objects/field_b6.o
		.data              37930             130 objects/field_b6_bgc.o
		.data              37a60             2a0 objects/field_kabu.o
		.data              37d00             170 objects/field_kusa.o
		.data              37e70             5b0 objects/gi_hp.o
		.data              38420             c00 objects/heart.o
		.data              39020             c10 objects/heart2.o
		.data              39c30              d0 objects/heart2_image.o
		.data              39d00             500 objects/kanban1.o
		.data              3a200             590 objects/kanban2.o
		.data              3a790             800 objects/n_arrow20.o
		.data              3af90             800 objects/n_arrow5.o
		.data              3b790             800 objects/n_arrow50.o
		.data              3bf90             800 objects/n_bomb.o
		.data              3c790             800 objects/n_bomb2.o
		.data              3cf90             800 objects/n_bombpouch.o
		.data              3d790             800 objects/n_heart.o
		.data              3df90             800 objects/n_heart2.o
		.data              3e790              d0 objects/n_item.o
		.data              3e860             800 objects/n_key.o
		.data              3f060             800 objects/n_kusuritubo.o
		.data              3f860             800 objects/n_nuts.o
		.data              40060             800 objects/n_seed.o
		.data              40860             800 objects/n_stick.o
		.data              41060             800 objects/n_tuboL.o
		.data              41860             3d0 objects/rupee.o
		.data              41c30            2840 objects/tex.o
		.data              44470            4000 objects/tex2.o
		.data              48470            1c00 objects/tex5.o
		.data              4a070              50 rain/ame.o
		.data              4a0c0            1090 shadow/foot_shadow.o
		.data              4b150             880 shadow/shadow.o
		.data              4b9d0              90 shadow/shadow_h.o
		.data              4ba60             400 shadow/tex.o
		.data              4be60             170 shutter/n_door.o
		.data              4bfd0            10d0 shutter/tetugousi.o
		.data              4d0a0            1000 shutter/tex.o
		.data              4e0a0            12f0 sun/sun.o
		.data              4f390              50 target/target.o
		.data              4f3e0            11c0 torch4/torch4.o
		.data              505a0             fe0 FUKIDASI/Ikari/fukidashi_ikari.o
		.data              51580             fd0 FUKIDASI/Kumo/fukidashi_kumo.o
		.data              52550             fa0 FUKIDASI/Maru/fukidashi_maru.o
		.data              534f0             800 blure_txt/DELETE/g_bow_test.o
		.data              53cf0             400 dustA/ANIME_TEXTURE/smoke1_1.o
		.data              540f0             400 dustA/ANIME_TEXTURE/smoke1_2.o
		.data              544f0             400 dustA/ANIME_TEXTURE/smoke1_3.o
		.data              548f0             400 dustA/ANIME_TEXTURE/smoke1_4.o
		.data              54cf0             400 dustA/ANIME_TEXTURE/smoke1_5.o
		.data              550f0             400 dustA/ANIME_TEXTURE/smoke1_6.o
		.data              554f0             400 dustA/ANIME_TEXTURE/smoke1_7.o
		.data              558f0             400 dustA/ANIME_TEXTURE/smoke1_8.o
		.data              55cf0             800 elf/ANIME_TEXTURE/elf_layA0.o
		.data              564f0             800 elf/ANIME_TEXTURE/elf_layA1.o
		.data              56cf0             800 elf/ANIME_TEXTURE/elf_layB0.o
		.data              574f0             800 elf/ANIME_TEXTURE/elf_layB1.o
		.data              57cf0             100 g_bubble/TEXTURE/g_bubble2.o
		.data              57df0             100 g_bubble/TEXTURE/g_bubble4.o
		.data              57ef0             200 g_spark/ANIME_TEXTURE/g_spark_0.o
		.data              580f0             200 g_spark/ANIME_TEXTURE/g_spark_1.o
		.data              582f0             200 g_spark/ANIME_TEXTURE/g_spark_2.o
		.data              584f0             200 g_spark/ANIME_TEXTURE/g_spark_3.o

.strtab                                0            1a8a
		.strtab                0            1a8a *ld_internal*

.symtab                                0            1c10
		.symtab                0            1c10 *ld_internal*

.mdebug                                0           125fc
		.mdebug                0           125fc *ld_internal*

.rel.data                              0             fe0
		.rel.data              0              38 DEBUG/debug.o
		.rel.data             38              10 arrow/arrow_flick.o
		.rel.data             48              10 arrow/arrow_hit.o
		.rel.data             58              b0 arrow/arrow_hit_mdl.o
		.rel.data            108              10 bom/bom_body.o
		.rel.data            118              18 bom/bom_handle.o
		.rel.data            130              28 bom_chu/bom_chu.o
		.rel.data            158              20 bombB/bombB.o
		.rel.data            178              10 bomb_fragment/bomb_fragment.o
		.rel.data            188              30 boomerang/boomerang.o
		.rel.data            1b8               8 compas/compas2.o
		.rel.data            1c0              10 compas/compass.o
		.rel.data            1d0              20 compas/mark.o
		.rel.data            1f0               8 compas/tetra.o
		.rel.data            1f8              20 ddan_hahen/ddanh_hahen.o
		.rel.data            218              10 ddan_hahen/stone3.o
		.rel.data            228              10 door/clink_demo_doorA_door.o
		.rel.data            238              10 door/clink_demo_doorB_door.o
		.rel.data            248              10 door/link_demo_doorA_door.o
		.rel.data            258              c0 door/link_demo_doorA_door_mdl.o
		.rel.data            318              10 door/link_demo_doorB_door.o
		.rel.data            328              10 dustA/dustA.o
		.rel.data            338              20 efc_flash/efc_flash.o
		.rel.data            358              40 efc_sword_kaiten/efc_sword_kaiten.o
		.rel.data            398              40 efc_sword_kaiten/efc_sword_kaiten2.o
		.rel.data            3d8              20 efc_sword_kaiten/efc_sword_tame.o
		.rel.data            3f8              28 efc_sword_kaiten/efc_sword_tuki.o
		.rel.data            420              10 elf/elf_fly.o
		.rel.data            430             138 elf/elf_fly_mdl.o
		.rel.data            568              20 f_circle/OB_F_firecircle.o
		.rel.data            588              10 fish/fs2_jump.o
		.rel.data            598              a0 fish/fs2_jump_mdl.o
		.rel.data            638              10 fish/fs2_swim.o
		.rel.data            648              10 g_blast/g_blast.o
		.rel.data            658              18 g_bubble/g_bubble.o
		.rel.data            670              10 g_fire/g_fire.o
		.rel.data            680              18 g_goma1/g_goma1.o
		.rel.data            698              10 g_hit/g_hit.o
		.rel.data            6a8              10 g_magma/g_magma.o
		.rel.data            6b8              10 g_ripple/g_ripple.o
		.rel.data            6c8              10 g_spark/g_spark.o
		.rel.data            6d8              10 g_splash/g_splash2.o
		.rel.data            6e8              18 g_stone1/g_stone1.o
		.rel.data            700              10 g_thunder/g_thunder.o
		.rel.data            710              18 g_vanish1/g_vanish1.o
		.rel.data            728              50 ice/ice_piece.o
		.rel.data            778              30 ice/link_ice.o
		.rel.data            7a8              10 insect/insect_move.o
		.rel.data            7b8             228 insect/insect_move_mdl.o
		.rel.data            9e0              10 kusa/obj_ha_down.o
		.rel.data            9f0              10 kusa/obj_ha_up.o
		.rel.data            a00              20 lensflare/lensflare.o
		.rel.data            a20              10 lightA/efc_flash_s.o
		.rel.data            a30              20 link_hover/efc_link_hover.o
		.rel.data            a50              18 moon/moon.o
		.rel.data            a68              28 mw_point/efc_mw_point.o
		.rel.data            a90              10 objects/crys_bomb_image.o
		.rel.data            aa0              10 objects/crys_heart_image.o
		.rel.data            ab0              10 objects/crys_ya_image.o
		.rel.data            ac0              20 objects/dam_brick_3_bgc.o
		.rel.data            ae0              10 objects/field_b1.o
		.rel.data            af0              10 objects/field_b2.o
		.rel.data            b00              20 objects/field_b2_bgc.o
		.rel.data            b20              10 objects/field_b3.o
		.rel.data            b30              20 objects/field_b3_bgc.o
		.rel.data            b50              10 objects/field_b4.o
		.rel.data            b60              20 objects/field_b4_bgc.o
		.rel.data            b80              10 objects/field_b5.o
		.rel.data            b90              20 objects/field_b5_bgc.o
		.rel.data            bb0              10 objects/field_b6.o
		.rel.data            bc0              20 objects/field_b6_bgc.o
		.rel.data            be0              20 objects/field_kabu.o
		.rel.data            c00              18 objects/field_kusa.o
		.rel.data            c18              30 objects/gi_hp.o
		.rel.data            c48              40 objects/heart.o
		.rel.data            c88              40 objects/heart2.o
		.rel.data            cc8              10 objects/heart2_image.o
		.rel.data            cd8              70 objects/kanban1.o
		.rel.data            d48              78 objects/kanban2.o
		.rel.data            dc0              18 objects/n_item.o
		.rel.data            dd8              20 objects/rupee.o
		.rel.data            df8               8 rain/ame.o
		.rel.data            e00              10 shadow/foot_shadow.o
		.rel.data            e10              10 shadow/shadow.o
		.rel.data            e20              10 shadow/shadow_h.o
		.rel.data            e30              20 shutter/n_door.o
		.rel.data            e50              10 shutter/tetugousi.o
		.rel.data            e60              50 sun/sun.o
		.rel.data            eb0               8 target/target.o
		.rel.data            eb8              40 torch4/torch4.o
		.rel.data            ef8              50 FUKIDASI/Ikari/fukidashi_ikari.o
		.rel.data            f48              48 FUKIDASI/Kumo/fukidashi_kumo.o
		.rel.data            f90              50 FUKIDASI/Maru/fukidashi_maru.o

.shstrtab                              0              4a
		.shstrtab              0              4a *ld_internal*
