		LINK EDITOR MEMORY MAP


output		input		virtual
section		section		address		size

.MIPS.options                          0              28
		.MIPS.options          0              28 *ld_internal*

.reginfo                               0              18
		.reginfo               0              18 *ld_internal*

.data                                  0            5940
		.data                  0             130 HAKAdan_14_info.o
		.data                130              20 HAKAdan_14_shape.o
		.data                150            57f0 HAKAdan_grp_Haka0e.o

.strtab                                0              e3
		.strtab                0              e3 *ld_internal*

.symtab                                0              c0
		.symtab                0              c0 *ld_internal*

.mdebug                                0             990
		.mdebug                0             990 *ld_internal*

.rel.data                              0             2c0
		.rel.data              0              18 HAKAdan_14_info.o
		.rel.data             18              18 HAKAdan_14_shape.o
		.rel.data             30             290 HAKAdan_grp_Haka0e.o

.shstrtab                              0              4a
		.shstrtab              0              4a *ld_internal*
