		LINK EDITOR MEMORY MAP


output		input		virtual
section		section		address		size

.MIPS.options                          0              28
		.MIPS.options          0              28 *ld_internal*

.reginfo                               0              18
		.reginfo               0              18 *ld_internal*

.data                                  0           12180
		.data                  0             220 ganon_final_main_info.o
		.data                220            2160 ganon_final_bgc.o
		.data               2380            fe00 ganon_final_texture.o

.strtab                                0             32d
		.strtab                0             32d *ld_internal*

.symtab                                0             1f0
		.symtab                0             1f0 *ld_internal*

.mdebug                                0             94c
		.mdebug                0             94c *ld_internal*

.rel.data                              0              c8
		.rel.data              0              68 ganon_final_main_info.o
		.rel.data             68              60 ganon_final_bgc.o

.shstrtab                              0              4a
		.shstrtab              0              4a *ld_internal*
