		LINK EDITOR MEMORY MAP


output		input		virtual
section		section		address		size

.MIPS.options                          0              28
		.MIPS.options          0              28 *ld_internal*

.reginfo                               0              18
		.reginfo               0              18 *ld_internal*

.data                                  0            9720
		.data                  0            2000 room_info.o
		.data               2000              20 HIDANDD_4_shape.o
		.data               2020            7700 HIDAN_grp_Hid04.o

.strtab                                0             132
		.strtab                0             132 *ld_internal*

.symtab                                0             110
		.symtab                0             110 *ld_internal*

.mdebug                                0             d6c
		.mdebug                0             d6c *ld_internal*

.rel.data                              0             580
		.rel.data              0              18 HIDANDD_4_shape.o
		.rel.data             18             568 HIDAN_grp_Hid04.o

.shstrtab                              0              4a
		.shstrtab              0              4a *ld_internal*
