		LINK EDITOR MEMORY MAP


output		input		virtual
section		section		address		size

.MIPS.options                          0              28
		.MIPS.options          0              28 *ld_internal*

.reginfo                               0              18
		.reginfo               0              18 *ld_internal*

.data                                  0           15f60
		.data                  0            2000 room_info.o
		.data               2000              20 ydanDD_3_shape.o
		.data               2020            fe50 ydan_grp_yda03_00.o
		.data              11e70            40f0 ydan_grp_yda03_00T.o

.strtab                                0             11e
		.strtab                0             11e *ld_internal*

.symtab                                0             120
		.symtab                0             120 *ld_internal*

.mdebug                                0            14fc
		.mdebug                0            14fc *ld_internal*

.rel.data                              0             710
		.rel.data              0              20 ydanDD_3_shape.o
		.rel.data             20             5a0 ydan_grp_yda03_00.o
		.rel.data            5c0             150 ydan_grp_yda03_00T.o

.shstrtab                              0              4a
		.shstrtab              0              4a *ld_internal*
