		LINK EDITOR MEMORY MAP


output		input		virtual
section		section		address		size

.MIPS.options                          0              28
		.MIPS.options          0              28 *ld_internal*

.reginfo                               0              18
		.reginfo               0              18 *ld_internal*

.data                                  0            67c0
		.data                  0             230 dance.o
		.data                230            6390 dance_mdl.o
		.data               65c0             200 ka_dance.o

.strtab                                0             242
		.strtab                0             242 *ld_internal*

.symtab                                0             250
		.symtab                0             250 *ld_internal*

.mdebug                                0             c48
		.mdebug                0             c48 *ld_internal*

.rel.data                              0             468
		.rel.data              0              10 dance.o
		.rel.data             10             448 dance_mdl.o
		.rel.data            458              10 ka_dance.o

.shstrtab                              0              4a
		.shstrtab              0              4a *ld_internal*
