		LINK EDITOR MEMORY MAP


output		input		virtual
section		section		address		size

.MIPS.options                          0              28
		.MIPS.options          0              28 *ld_internal*

.reginfo                               0              18
		.reginfo               0              18 *ld_internal*

.data                                  0           305a0
		.data                  0            2000 room_info.o
		.data               2000              30 face_shop_0_shape.o
		.data               2030            8d70 face_shop.o
		.data               ada0           25800 face_shop_txt.o

.strtab                                0              af
		.strtab                0              af *ld_internal*

.symtab                                0              a0
		.symtab                0              a0 *ld_internal*

.mdebug                                0             48c
		.mdebug                0             48c *ld_internal*

.rel.data                              0             238
		.rel.data              0              18 face_shop_0_shape.o
		.rel.data             18             220 face_shop.o

.shstrtab                              0              4a
		.shstrtab              0              4a *ld_internal*
