		LINK EDITOR MEMORY MAP


output		input		virtual
section		section		address		size

.MIPS.options                          0              28
		.MIPS.options          0              28 *ld_internal*

.reginfo                               0              18
		.reginfo               0              18 *ld_internal*

.data                                  0           42ff0
		.data                  0           40000 main_info.o
		.data              40000            11d0 ice_doukuto_demo00.o
		.data              411d0            1e20 ice_doukutu_texture.o

.bss                                   0              10
		.bss                   0              10 ice_doukuto_demo00.o

.strtab                                0              fc
		.strtab                0              fc *ld_internal*

.symtab                                0              c0
		.symtab                0              c0 *ld_internal*

.mdebug                                0             450
		.mdebug                0             450 *ld_internal*

.shstrtab                              0              45
		.shstrtab              0              45 *ld_internal*
