		LINK EDITOR MEMORY MAP


output		input		virtual
section		section		address		size

.MIPS.options                          0              28
		.MIPS.options          0              28 *ld_internal*

.reginfo                               0              18
		.reginfo               0              18 *ld_internal*

.data                                  0            dab0
		.data                  0              60 moribossroom_1_info.o
		.data                 60              20 moribossroom_1_shape.o
		.data                 80            d4a0 moribossroom_grp_mor12_00.o
		.data               d520             590 moribossroom_grp_mor12_00T.o

.strtab                                0             1bc
		.strtab                0             1bc *ld_internal*

.symtab                                0             140
		.symtab                0             140 *ld_internal*

.mdebug                                0            1544
		.mdebug                0            1544 *ld_internal*

.rel.data                              0             630
		.rel.data              0              18 moribossroom_1_info.o
		.rel.data             18              20 moribossroom_1_shape.o
		.rel.data             38             5d8 moribossroom_grp_mor12_00.o
		.rel.data            610              20 moribossroom_grp_mor12_00T.o

.shstrtab                              0              4a
		.shstrtab              0              4a *ld_internal*
