		LINK EDITOR MEMORY MAP


output		input		virtual
section		section		address		size

.MIPS.options                          0              28
		.MIPS.options          0              28 *ld_internal*

.reginfo                               0              18
		.reginfo               0              18 *ld_internal*

.data                                  0            1340
		.data                  0            1340 gi_gerudo.o

.strtab                                0              45
		.strtab                0              45 *ld_internal*

.symtab                                0              60
		.symtab                0              60 *ld_internal*

.mdebug                                0             1bc
		.mdebug                0             1bc *ld_internal*

.rel.data                              0              58
		.rel.data              0              58 gi_gerudo.o

.shstrtab                              0              4a
		.shstrtab              0              4a *ld_internal*
