		LINK EDITOR MEMORY MAP


output		input		virtual
section		section		address		size

.MIPS.options                          0              28
		.MIPS.options          0              28 *ld_internal*

.reginfo                               0              18
		.reginfo               0              18 *ld_internal*

.data                                  0            9540
		.data                  0              e0 souko_0_info.o
		.data                 e0              c0 souko_0_shape.o
		.data                1a0            9160 souko_grp_sou_00.o
		.data               9300             240 souko_grp_sou_00T.o

.strtab                                0             197
		.strtab                0             197 *ld_internal*

.symtab                                0             160
		.symtab                0             160 *ld_internal*

.mdebug                                0            143c
		.mdebug                0            143c *ld_internal*

.rel.data                              0             410
		.rel.data              0              18 souko_0_info.o
		.rel.data             18              68 souko_0_shape.o
		.rel.data             80             368 souko_grp_sou_00.o
		.rel.data            3e8              28 souko_grp_sou_00T.o

.shstrtab                              0              4a
		.shstrtab              0              4a *ld_internal*
