		LINK EDITOR MEMORY MAP


output		input		virtual
section		section		address		size

.MIPS.options                          0              28
		.MIPS.options          0              28 *ld_internal*

.reginfo                               0              18
		.reginfo               0              18 *ld_internal*

.data                                  0            a7a0
		.data                  0             110 ganon_7_info.o
		.data                110              20 ganon_7_shape.o
		.data                130            98b0 ganon_grp_gan08_00.o
		.data               99e0             dc0 ganon_grp_gan08_00T.o

.strtab                                0             117
		.strtab                0             117 *ld_internal*

.symtab                                0              f0
		.symtab                0              f0 *ld_internal*

.mdebug                                0             98c
		.mdebug                0             98c *ld_internal*

.rel.data                              0             920
		.rel.data              0              18 ganon_7_info.o
		.rel.data             18              20 ganon_7_shape.o
		.rel.data             38             8c0 ganon_grp_gan08_00.o
		.rel.data            8f8              28 ganon_grp_gan08_00T.o

.shstrtab                              0              4a
		.shstrtab              0              4a *ld_internal*
