		LINK EDITOR MEMORY MAP


output		input		virtual
section		section		address		size

.MIPS.options                          0              28
		.MIPS.options          0              28 *ld_internal*

.reginfo                               0              18
		.reginfo               0              18 *ld_internal*

.data                                  0            8440
		.data                  0             120 jyasinzouDD_20_info.o
		.data                120             120 jyasinzou_20_info.o
		.data                240              a0 jyasinzouDD_20_shape.o
		.data                2e0              b0 jyasinzouDD_20_info_d0.o
		.data                390              b0 jyasinzouDD_20_info_d1.o
		.data                440              b0 jyasinzou_20_info_d0.o
		.data                4f0              b0 jyasinzou_20_info_d1.o
		.data                5a0            7ea0 jyasinzou_grp_jya14_00.o

.strtab                                0             1bf
		.strtab                0             1bf *ld_internal*

.symtab                                0             150
		.symtab                0             150 *ld_internal*

.mdebug                                0            15bc
		.mdebug                0            15bc *ld_internal*

.rel.data                              0             350
		.rel.data              0              18 jyasinzouDD_20_info.o
		.rel.data             18              18 jyasinzou_20_info.o
		.rel.data             30              58 jyasinzouDD_20_shape.o
		.rel.data             88              10 jyasinzouDD_20_info_d0.o
		.rel.data             98              10 jyasinzouDD_20_info_d1.o
		.rel.data             a8              10 jyasinzou_20_info_d0.o
		.rel.data             b8              10 jyasinzou_20_info_d1.o
		.rel.data             c8             288 jyasinzou_grp_jya14_00.o

.shstrtab                              0              4a
		.shstrtab              0              4a *ld_internal*
