		LINK EDITOR MEMORY MAP


output		input		virtual
section		section		address		size

.MIPS.options                          0              28
		.MIPS.options          0              28 *ld_internal*

.reginfo                               0              18
		.reginfo               0              18 *ld_internal*

.data                                  0            4710
		.data                  0            4710 oA1_hone_mdl.o

.strtab                                0             1d6
		.strtab                0             1d6 *ld_internal*

.symtab                                0             1f0
		.symtab                0             1f0 *ld_internal*

.mdebug                                0             ba8
		.mdebug                0             ba8 *ld_internal*

.rel.data                              0             448
		.rel.data              0             448 oA1_hone_mdl.o

.shstrtab                              0              4a
		.shstrtab              0              4a *ld_internal*
