		LINK EDITOR MEMORY MAP


output		input		virtual
section		section		address		size

.MIPS.options                          0              28
		.MIPS.options          0              28 *ld_internal*

.reginfo                               0              18
		.reginfo               0              18 *ld_internal*

.data                                  0          265c30
		.data                  0             a80 Data/L_1kyoro.o
		.data                a80             a80 Data/L_2kyoro.o
		.data               1500             7e0 Data/L_bouzen.o
		.data               1ce0             c90 Data/L_hajikareru.o
		.data               2970             7e0 Data/L_kamaeru.o
		.data               3150             da0 Data/L_ken_miru.o
		.data               3ef0             a80 Data/L_kennasi_w.o
		.data               4970             a80 Data/L_kw.o
		.data               53f0             540 Data/L_mukinaoru.o
		.data               5930             fc0 Data/L_okarina_get.o
		.data               68f0             fc0 Data/L_sagaru.o
		.data               78b0            1260 Data/Link_ha.o
		.data               8b10            14f0 Data/Link_m_wait.o
		.data               a000             a80 Data/Link_miageru.o
		.data               aa80             d20 Data/Link_muku.o
		.data               b7a0             a80 Data/Link_otituku_w.o
		.data               c220            14f0 Data/Link_ue_wait.o
		.data               d710            1ac0 Data/clink_demo_DDbox_open.o
		.data               f1d0            45a0 Data/clink_demo_Tbox_open.o
		.data              13770            1150 Data/clink_demo_atozusari.o
		.data              148c0            1cd0 Data/clink_demo_bashi.o
		.data              16590            3460 Data/clink_demo_doorA_link.o
		.data              199f0            3460 Data/clink_demo_doorB_link.o
		.data              1ce50            14f0 Data/clink_demo_futtobi.o
		.data              1e340            14f0 Data/clink_demo_get1.o
		.data              1f830             a80 Data/clink_demo_get2.o
		.data              202b0             a80 Data/clink_demo_get3.o
		.data              20d30            39a0 Data/clink_demo_goto_future.o
		.data              246d0            1260 Data/clink_demo_koutai.o
		.data              25930             d20 Data/clink_demo_koutai_kennuki.o
		.data              26650             a80 Data/clink_demo_koutai_wait.o
		.data              270d0             7e0 Data/clink_demo_mimawasi.o
		.data              278b0            1cd0 Data/clink_demo_mimawasi_wait.o
		.data              29580             fc0 Data/clink_demo_miokuri.o
		.data              2a540             fc0 Data/clink_demo_miokuri_wait.o
		.data              2b500             fc0 Data/clink_demo_nozoki.o
		.data              2c4c0            1ac0 Data/clink_demo_return_to_future.o
		.data              2df80            28e0 Data/clink_demo_standup.o
		.data              30860             fc0 Data/clink_demo_standup_wait.o
		.data              31820            1260 Data/clink_normal_climb_endAL.o
		.data              32a80            12e0 Data/clink_normal_climb_endAR.o
		.data              33d60            1260 Data/clink_normal_climb_endBL.o
		.data              34fc0            12e0 Data/clink_normal_climb_endBR.o
		.data              362a0             fc0 Data/clink_normal_climb_startA.o
		.data              37260            1a30 Data/clink_normal_climb_startB.o
		.data              38c90             b00 Data/clink_normal_climb_upL.o
		.data              39790             b00 Data/clink_normal_climb_upR.o
		.data              3a290             2a0 Data/clink_normal_defense_ALL.o
		.data              3a530            1cd0 Data/clink_op3_negaeri.o
		.data              3c200            bf10 Data/clink_op3_okiagari.o
		.data              48110            39a0 Data/clink_op3_tatiagari.o
		.data              4bab0            29e0 Data/clink_op3_wait1.o
		.data              4e490             fc0 Data/clink_op3_wait2.o
		.data              4f450             fc0 Data/clink_op3_wait3.o
		.data              50410             a80 Data/d_link_imanodare.o
		.data              50e90            1f70 Data/d_link_orooro.o
		.data              52e00            1790 Data/d_link_orowait.o
		.data              54590            1790 Data/demo_link_nwait.o
		.data              55d20            2f20 Data/demo_link_orosuu.o
		.data              58c40            2f20 Data/demo_link_tewatashi.o
		.data              5bb60            1790 Data/demo_link_twait.o
		.data              5d2f0            1f70 Data/kolink_odoroki_demo.o
		.data              5f260             5d0 Data/link_anchor_LLside_kiru_endL.o
		.data              5f830             860 Data/link_anchor_LLside_kiru_finsh_endR.o
		.data              60090             5d0 Data/link_anchor_LRside_kiru_endR.o
		.data              60660             970 Data/link_anchor_LRside_kiru_finsh_endL.o
		.data              60fd0             540 Data/link_anchor_Lnormal_kiru_endR.o
		.data              61510             5d0 Data/link_anchor_Lnormal_kiru_finsh_endR.o
		.data              61ae0             4c0 Data/link_anchor_Lpierce_kiru_endL.o
		.data              61fa0             6d0 Data/link_anchor_Lpierce_kiru_finsh_endR.o
		.data              62670             650 Data/link_anchor_Lrolling_kiru_endR.o
		.data              62cc0             430 Data/link_anchor_Lside_kiru_endR.o
		.data              630f0             7e0 Data/link_anchor_Lside_kiru_finsh_endR.o
		.data              638d0             970 Data/link_anchor_Rside_kiru_endR.o
		.data              64240             a00 Data/link_anchor_Rside_kiru_finsh_endR.o
		.data              64c40            11d0 Data/link_anchor_anchor2fighter.o
		.data              65e10             970 Data/link_anchor_back_brake.o
		.data              66780             860 Data/link_anchor_back_hitR.o
		.data              66fe0             860 Data/link_anchor_back_walk.o
		.data              67840             860 Data/link_anchor_bom_side_walkL.o
		.data              680a0             860 Data/link_anchor_bom_side_walkR.o
		.data              68900             430 Data/link_anchor_defense_hit.o
		.data              68d30             430 Data/link_anchor_defense_long_hitL.o
		.data              69160             3b0 Data/link_anchor_defense_long_hitR.o
		.data              69510             860 Data/link_anchor_front_hitR.o
		.data              69d70             6d0 Data/link_anchor_jump_kiru_finsh_endR.o
		.data              6a440             b00 Data/link_anchor_landingR.o
		.data              6af40             a00 Data/link_anchor_normal_kiru_finsh_endR.o
		.data              6b940             4c0 Data/link_anchor_pierce_kiru_endR.o
		.data              6be00            10c0 Data/link_anchor_pierce_kiru_finsh_endR.o
		.data              6cec0             7e0 Data/link_anchor_power_kiru_wait_endR.o
		.data              6d6a0             760 Data/link_anchor_rolling_kiru_endR.o
		.data              6de00             860 Data/link_anchor_side_walkL.o
		.data              6e660             860 Data/link_anchor_side_walkR.o
		.data              6eec0             f30 Data/link_anchor_waitL.o
		.data              6fdf0             1a0 Data/link_anchor_waitL2defence.o
		.data              6ff90             1a0 Data/link_anchor_waitL2defense.o
		.data              70130             1a0 Data/link_anchor_waitL2defense_long.o
		.data              702d0             2a0 Data/link_anchor_waitL_defense.o
		.data              70570            1040 Data/link_anchor_waitL_defense_wait.o
		.data              715b0             860 Data/link_anchor_waitL_jump.o
		.data              71e10             4c0 Data/link_anchor_waitL_pierce_kiru.o
		.data              722d0             f30 Data/link_anchor_waitR.o
		.data              73200             1a0 Data/link_anchor_waitR2defence.o
		.data              733a0             1a0 Data/link_anchor_waitR2defense.o
		.data              73540             1a0 Data/link_anchor_waitR2defense_long.o
		.data              736e0             2a0 Data/link_anchor_waitR_defense.o
		.data              73980            1040 Data/link_anchor_waitR_defense_wait.o
		.data              749c0             860 Data/link_anchor_waitR_jump.o
		.data              75220             4c0 Data/link_anchor_waitR_pierce_kiru.o
		.data              756e0             a80 Data/link_boom_catch.o
		.data              76160             970 Data/link_boom_throw.o
		.data              76ad0             a80 Data/link_boom_throwL.o
		.data              77550             a80 Data/link_boom_throwR.o
		.data              77fd0             860 Data/link_boom_throw_side_walkL.o
		.data              78830             860 Data/link_boom_throw_side_walkR.o
		.data              79090             330 Data/link_boom_throw_wait2waitR.o
		.data              793c0             f30 Data/link_boom_throw_waitL.o
		.data              7a2f0             f30 Data/link_boom_throw_waitR.o
		.data              7b220            1710 Data/link_bottle_bug_in.o
		.data              7c930             6d0 Data/link_bottle_bug_miss.o
		.data              7d000            44a0 Data/link_bottle_bug_out.o
		.data              814a0            4200 Data/link_bottle_drink_demo.o
		.data              856a0            1a30 Data/link_bottle_drink_demo_end.o
		.data              870d0            18a0 Data/link_bottle_drink_demo_start.o
		.data              88970             4c0 Data/link_bottle_drink_demo_wait.o
		.data              88e30            1710 Data/link_bottle_fish_in.o
		.data              8a540             b00 Data/link_bottle_fish_miss.o
		.data              8b040            3ed0 Data/link_bottle_fish_out.o
		.data              8ef10            3460 Data/link_bottle_read.o
		.data              92370             a80 Data/link_bottle_read_end.o
		.data              92df0             4c0 Data/link_bow_bow_ready.o
		.data              932b0             1a0 Data/link_bow_bow_shoot.o
		.data              93450             860 Data/link_bow_bow_shoot_end.o
		.data              93cb0             430 Data/link_bow_bow_shoot_next.o
		.data              940e0            2290 Data/link_bow_bow_wait.o
		.data              96370             2a0 Data/link_bow_defense.o
		.data              96610            1040 Data/link_bow_defense_wait.o
		.data              97650             970 Data/link_bow_side_runL.o
		.data              97fc0             a00 Data/link_bow_side_runR.o
		.data              989c0             c90 Data/link_bow_side_walk.o
		.data              99650             4c0 Data/link_bow_walk2ready.o
		.data              99b10            3460 Data/link_child_tunnel_door.o
		.data              9cf70            2530 Data/link_child_tunnel_end.o
		.data              9f4a0            29e0 Data/link_child_tunnel_start.o
		.data              a1e80            1ac0 Data/link_demo_DDbox_open.o
		.data              a3940            45a0 Data/link_demo_Tbox_open.o
		.data              a7ee0            2f20 Data/link_demo_back_to_past.o
		.data              aae00            1260 Data/link_demo_baru_op1.o
		.data              ac060            14f0 Data/link_demo_baru_op2.o
		.data              ad550             d20 Data/link_demo_baru_op3.o
		.data              ae270             a80 Data/link_demo_bikkuri.o
		.data              aecf0            3460 Data/link_demo_doorA_link.o
		.data              b2150            3460 Data/link_demo_doorA_link_free.o
		.data              b55b0            3460 Data/link_demo_doorB_link.o
		.data              b8a10            3460 Data/link_demo_doorB_link_free.o
		.data              bbe70            29e0 Data/link_demo_furimuki.o
		.data              be850            1790 Data/link_demo_furimuki2.o
		.data              bffe0             fc0 Data/link_demo_furimuki2_wait.o
		.data              c0fa0             b90 Data/link_demo_get_itemA.o
		.data              c1b30             b90 Data/link_demo_get_itemB.o
		.data              c26c0            1820 Data/link_demo_goma_furimuki.o
		.data              c3ee0             a80 Data/link_demo_gurad.o
		.data              c4960             540 Data/link_demo_gurad_wait.o
		.data              c4ea0            3460 Data/link_demo_jibunmiru.o
		.data              c8300             a80 Data/link_demo_kakeyori.o
		.data              c8d80            2c80 Data/link_demo_kakeyori_mimawasi.o
		.data              cba00             d20 Data/link_demo_kakeyori_miokuri.o
		.data              cc720             a80 Data/link_demo_kakeyori_miokuri_wait.o
		.data              cd1a0             a80 Data/link_demo_kakeyori_wait.o
		.data              cdc20             7e0 Data/link_demo_kaoage.o
		.data              ce400             a80 Data/link_demo_kaoage_wait.o
		.data              cee80             540 Data/link_demo_kenmiru1.o
		.data              cf3c0             a80 Data/link_demo_kenmiru1_wait.o
		.data              cfe40            1260 Data/link_demo_kenmiru2.o
		.data              d10a0             7e0 Data/link_demo_kenmiru2_modori.o
		.data              d1880             a80 Data/link_demo_kenmiru2_wait.o
		.data              d2300             eb0 Data/link_demo_kousan.o
		.data              d31b0            1260 Data/link_demo_look_hand.o
		.data              d4410             a80 Data/link_demo_look_hand_wait.o
		.data              d4e90            24b0 Data/link_demo_nozokikomi.o
		.data              d7340            1260 Data/link_demo_nozokikomi_wait.o
		.data              d85a0            29e0 Data/link_demo_return_to_past.o
		.data              daf80             5d0 Data/link_demo_return_to_past_pre.o
		.data              db550             fc0 Data/link_demo_sita_wait.o
		.data              dc510             540 Data/link_demo_ue.o
		.data              dca50             fc0 Data/link_demo_ue_wait.o
		.data              dda10            24b0 Data/link_demo_warp.o
		.data              dfec0             7e0 Data/link_demo_zeldamiru.o
		.data              e06a0             d20 Data/link_demo_zeldamiru_wait.o
		.data              e13c0            7870 Data/link_derth_rebirth.o
		.data              e8c30             330 Data/link_fighter_LLside_kiru.o
		.data              e8f60             6d0 Data/link_fighter_LLside_kiru_end.o
		.data              e9630             4c0 Data/link_fighter_LLside_kiru_finsh.o
		.data              e9af0             860 Data/link_fighter_LLside_kiru_finsh_end.o
		.data              ea350             330 Data/link_fighter_LRside_kiru.o
		.data              ea680             5d0 Data/link_fighter_LRside_kiru_end.o
		.data              eac50             330 Data/link_fighter_LRside_kiru_finsh.o
		.data              eaf80             8f0 Data/link_fighter_LRside_kiru_finsh_end.o
		.data              eb870             2a0 Data/link_fighter_Lnormal_kiru.o
		.data              ebb10             4c0 Data/link_fighter_Lnormal_kiru_end.o
		.data              ebfd0             430 Data/link_fighter_Lnormal_kiru_finsh.o
		.data              ec400             5d0 Data/link_fighter_Lnormal_kiru_finsh_end.o
		.data              ec9d0             1a0 Data/link_fighter_Lpierce_kiru.o
		.data              ecb70             540 Data/link_fighter_Lpierce_kiru_end.o
		.data              ed0b0             4c0 Data/link_fighter_Lpierce_kiru_finsh.o
		.data              ed570             6d0 Data/link_fighter_Lpierce_kiru_finsh_end.o
		.data              edc40             540 Data/link_fighter_Lpower_jump_kiru.o
		.data              ee180             a00 Data/link_fighter_Lpower_jump_kiru_end.o
		.data              eeb80             4c0 Data/link_fighter_Lpower_jump_kiru_hit.o
		.data              ef040             b00 Data/link_fighter_Lpower_kiru_side_walk.o
		.data              efb40             860 Data/link_fighter_Lpower_kiru_start.o
		.data              f03a0            1260 Data/link_fighter_Lpower_kiru_wait.o
		.data              f1600             7e0 Data/link_fighter_Lpower_kiru_wait_end.o
		.data              f1de0             b00 Data/link_fighter_Lpower_kiru_walk.o
		.data              f28e0             860 Data/link_fighter_Lrolling_kiru.o
		.data              f3140             650 Data/link_fighter_Lrolling_kiru_end.o
		.data              f3790             3b0 Data/link_fighter_Lside_jump.o
		.data              f3b40             430 Data/link_fighter_Lside_jump_end.o
		.data              f3f70             430 Data/link_fighter_Lside_jump_endL.o
		.data              f43a0             2a0 Data/link_fighter_Lside_kiru.o
		.data              f4640             4c0 Data/link_fighter_Lside_kiru_end.o
		.data              f4b00             4c0 Data/link_fighter_Lside_kiru_finsh.o
		.data              f4fc0             7e0 Data/link_fighter_Lside_kiru_finsh_end.o
		.data              f57a0             3b0 Data/link_fighter_Rside_jump.o
		.data              f5b50             430 Data/link_fighter_Rside_jump_end.o
		.data              f5f80             430 Data/link_fighter_Rside_jump_endR.o
		.data              f63b0             2a0 Data/link_fighter_Rside_kiru.o
		.data              f6650             650 Data/link_fighter_Rside_kiru_end.o
		.data              f6ca0             3b0 Data/link_fighter_Rside_kiru_finsh.o
		.data              f7050             970 Data/link_fighter_Rside_kiru_finsh_end.o
		.data              f79c0             8f0 Data/link_fighter_Wrolling_kiru.o
		.data              f82b0             650 Data/link_fighter_Wrolling_kiru_end.o
		.data              f8900             7e0 Data/link_fighter_backturn_jump.o
		.data              f90e0             3b0 Data/link_fighter_backturn_jump_end.o
		.data              f9490             650 Data/link_fighter_backturn_jump_endR.o
		.data              f9ae0             a80 Data/link_fighter_damage_run.o
		.data              fa560             a80 Data/link_fighter_damage_run_long.o
		.data              fafe0             1a0 Data/link_fighter_defense.o
		.data              fb180             2a0 Data/link_fighter_defense_long.o
		.data              fb420             4c0 Data/link_fighter_defense_long_hit.o
		.data              fb8e0            1040 Data/link_fighter_defense_long_wait.o
		.data              fc920            1040 Data/link_fighter_defense_wait.o
		.data              fd960             a80 Data/link_fighter_fighter2long.o
		.data              fe3e0             540 Data/link_fighter_front_jump.o
		.data              fe920             b00 Data/link_fighter_front_jump_end.o
		.data              ff420             b00 Data/link_fighter_front_jump_endR.o
		.data              fff20             a80 Data/link_fighter_heavy_run_long.o
		.data             1009a0             540 Data/link_fighter_jump_kiru.o
		.data             100ee0             540 Data/link_fighter_jump_kiru_finsh.o
		.data             101420             650 Data/link_fighter_jump_kiru_finsh_end.o
		.data             101a70             5d0 Data/link_fighter_jump_rollkiru.o
		.data             102040            10c0 Data/link_fighter_landing_roll_long.o
		.data             103100             a80 Data/link_fighter_normal2fighter.o
		.data             103b80             a80 Data/link_fighter_normal2fighter_long.o
		.data             104600             2a0 Data/link_fighter_normal_kiru.o
		.data             1048a0             430 Data/link_fighter_normal_kiru_end.o
		.data             104cd0             4c0 Data/link_fighter_normal_kiru_endR.o
		.data             105190             330 Data/link_fighter_normal_kiru_finsh.o
		.data             1054c0             a00 Data/link_fighter_normal_kiru_finsh_end.o
		.data             105ec0             220 Data/link_fighter_pierce_kiru.o
		.data             1060e0             4c0 Data/link_fighter_pierce_kiru_end.o
		.data             1065a0             540 Data/link_fighter_pierce_kiru_finsh.o
		.data             106ae0             a00 Data/link_fighter_pierce_kiru_finsh_end.o
		.data             1074e0             a80 Data/link_fighter_power_jump_kiru_end.o
		.data             107f60            1470 Data/link_fighter_power_kiruA.o
		.data             1093d0             b00 Data/link_fighter_power_kiru_side_walk.o
		.data             109ed0             5d0 Data/link_fighter_power_kiru_start.o
		.data             10a4a0             5d0 Data/link_fighter_power_kiru_startL.o
		.data             10aa70            11d0 Data/link_fighter_power_kiru_wait.o
		.data             10bc40             7e0 Data/link_fighter_power_kiru_wait_end.o
		.data             10c420             b00 Data/link_fighter_power_kiru_walk.o
		.data             10cf20             5d0 Data/link_fighter_rebound.o
		.data             10d4f0             5d0 Data/link_fighter_reboundR.o
		.data             10dac0             6d0 Data/link_fighter_rebound_long.o
		.data             10e190             6d0 Data/link_fighter_rebound_longR.o
		.data             10e860             6d0 Data/link_fighter_rolling_kiru.o
		.data             10ef30             860 Data/link_fighter_rolling_kiru_end.o
		.data             10f790             a80 Data/link_fighter_run.o
		.data             110210             a80 Data/link_fighter_run_long.o
		.data             110c90             a80 Data/link_fighter_side_kiruL.o
		.data             111710             a80 Data/link_fighter_side_kiruR.o
		.data             112190             860 Data/link_fighter_side_walkL_long.o
		.data             1129f0             860 Data/link_fighter_side_walkR_long.o
		.data             113250             f30 Data/link_fighter_side_walk_long.o
		.data             114180             2a0 Data/link_fighter_turn_kiruL.o
		.data             114420             860 Data/link_fighter_turn_kiruL_end.o
		.data             114c80             330 Data/link_fighter_turn_kiruR.o
		.data             114fb0             860 Data/link_fighter_turn_kiruR_end.o
		.data             115810             b90 Data/link_fighter_upper_kiruR.o
		.data             1163a0             2a0 Data/link_fighter_upper_pierce_kiru.o
		.data             116640             760 Data/link_fighter_upper_pierce_kiru_end.o
		.data             116da0             330 Data/link_fighter_wait2waitL_long.o
		.data             1170d0             330 Data/link_fighter_wait2waitR_long.o
		.data             117400             6d0 Data/link_fighter_waitL2wait_long.o
		.data             117ad0             f30 Data/link_fighter_waitL_long.o
		.data             118a00             6d0 Data/link_fighter_waitR2wait_long.o
		.data             1190d0             f30 Data/link_fighter_waitR_long.o
		.data             11a000             b90 Data/link_fighter_wait_kiru.o
		.data             11ab90            2ea0 Data/link_fighter_wait_long.o
		.data             11da30             5d0 Data/link_fighter_walk_endL_long.o
		.data             11e000             5d0 Data/link_fighter_walk_endR_long.o
		.data             11e5d0             f30 Data/link_fighter_walk_long.o
		.data             11f500            1ac0 Data/link_fishing_fish_catch.o
		.data             120fc0             540 Data/link_fishing_fish_catch_end.o
		.data             121500             330 Data/link_fishing_reel_down.o
		.data             121830             330 Data/link_fishing_reel_left.o
		.data             121b60             330 Data/link_fishing_reel_right.o
		.data             121e90             330 Data/link_fishing_reel_up.o
		.data             1221c0            1a30 Data/link_fishing_throw.o
		.data             123bf0            1580 Data/link_fishing_wait.o
		.data             125170             5d0 Data/link_hammer_hit.o
		.data             125740             c10 Data/link_hammer_hit_end.o
		.data             126350             c10 Data/link_hammer_hit_endR.o
		.data             126f60             a80 Data/link_hammer_long2free.o
		.data             1279e0             a80 Data/link_hammer_long2long.o
		.data             128460             a80 Data/link_hammer_normal2long.o
		.data             128ee0             650 Data/link_hammer_side_hit.o
		.data             129530             c10 Data/link_hammer_side_hit_end.o
		.data             12a140             c10 Data/link_hammer_side_hit_endR.o
		.data             12ad50            25b0 Data/link_hatto_demo.o
		.data             12d300             4c0 Data/link_hook_fly_start.o
		.data             12d7c0             b00 Data/link_hook_fly_wait.o
		.data             12e2c0             4c0 Data/link_hook_shot_ready.o
		.data             12e780             970 Data/link_hook_side_runL.o
		.data             12f0f0             970 Data/link_hook_side_runR.o
		.data             12fa60             c90 Data/link_hook_side_walk.o
		.data             1306f0            2420 Data/link_hook_wait.o
		.data             132b10             4c0 Data/link_hook_walk2ready.o
		.data             132fd0            2af0 Data/link_last_hit_motion1.o
		.data             135ac0             eb0 Data/link_last_hit_motion2.o
		.data             136970            1f70 Data/link_magic_honoo1.o
		.data             1388e0             d20 Data/link_magic_honoo2.o
		.data             139600            1f70 Data/link_magic_honoo3.o
		.data             13b570            1d50 Data/link_magic_kaze1.o
		.data             13d2c0             4c0 Data/link_magic_kaze2.o
		.data             13d780            10c0 Data/link_magic_kaze3.o
		.data             13e840            1b40 Data/link_magic_tamashii1.o
		.data             140380             f30 Data/link_magic_tamashii2.o
		.data             1412b0            19b0 Data/link_magic_tamashii3.o
		.data             142c60            1690 Data/link_magic_tame.o
		.data             1442f0            1710 Data/link_magic_tame_kaijyo.o
		.data             145a00             eb0 Data/link_normal_100step_up.o
		.data             1468b0            1790 Data/link_normal_150step_up.o
		.data             148040             540 Data/link_normal_250jump_start.o
		.data             148580            1a30 Data/link_normal_250step_up.o
		.data             149fb0             540 Data/link_normal_45_turn.o
		.data             14a4f0             540 Data/link_normal_45_turn_free.o
		.data             14aa30             fc0 Data/link_normal_Fclimb_hold2upL.o
		.data             14b9f0             b00 Data/link_normal_Fclimb_sideL.o
		.data             14c4f0             b00 Data/link_normal_Fclimb_sideR.o
		.data             14cff0             fc0 Data/link_normal_Fclimb_startA.o
		.data             14dfb0             7e0 Data/link_normal_Fclimb_startB.o
		.data             14e790             b00 Data/link_normal_Fclimb_upL.o
		.data             14f290             b00 Data/link_normal_Fclimb_upR.o
		.data             14fd90             650 Data/link_normal_back_brake.o
		.data             1503e0             650 Data/link_normal_back_brake_end.o
		.data             150a30             330 Data/link_normal_back_downA.o
		.data             150d60             760 Data/link_normal_back_downB.o
		.data             1514c0            12e0 Data/link_normal_back_down_wake.o
		.data             1527a0             860 Data/link_normal_back_hit.o
		.data             153000             860 Data/link_normal_back_run.o
		.data             153860             430 Data/link_normal_back_shit.o
		.data             153c90             430 Data/link_normal_back_shitR.o
		.data             1540c0             f30 Data/link_normal_back_walk.o
		.data             154ff0             6d0 Data/link_normal_backspace.o
		.data             1556c0            1a30 Data/link_normal_box_kick.o
		.data             1570f0            12e0 Data/link_normal_carryB.o
		.data             1583d0             8f0 Data/link_normal_carryB_free.o
		.data             158cc0            1cd0 Data/link_normal_carryB_wait.o
		.data             15a990             a80 Data/link_normal_check.o
		.data             15b410             540 Data/link_normal_check_end.o
		.data             15b950             540 Data/link_normal_check_end_free.o
		.data             15be90             a80 Data/link_normal_check_free.o
		.data             15c910            1c50 Data/link_normal_check_wait.o
		.data             15e560            1c50 Data/link_normal_check_wait_free.o
		.data             1601b0             f30 Data/link_normal_climb_down.o
		.data             1610e0             e30 Data/link_normal_climb_endAL.o
		.data             161f10             eb0 Data/link_normal_climb_endAR.o
		.data             162dc0            1d50 Data/link_normal_climb_endBL.o
		.data             164b10            1d50 Data/link_normal_climb_endBR.o
		.data             166860             fc0 Data/link_normal_climb_startA.o
		.data             167820            1d50 Data/link_normal_climb_startB.o
		.data             169570             f30 Data/link_normal_climb_up.o
		.data             16a4a0             b00 Data/link_normal_climb_upL.o
		.data             16afa0             b00 Data/link_normal_climb_upR.o
		.data             16baa0             a80 Data/link_normal_damage_run_free.o
		.data             16c520             110 Data/link_normal_defense.o
		.data             16c630             2a0 Data/link_normal_defense_end.o
		.data             16c8d0             2a0 Data/link_normal_defense_end_free.o
		.data             16cb70             2a0 Data/link_normal_defense_free.o
		.data             16ce10             4c0 Data/link_normal_defense_hit.o
		.data             16d2d0             2a0 Data/link_normal_defense_kiru.o
		.data             16d570             a80 Data/link_normal_defense_wait.o
		.data             16dff0             a80 Data/link_normal_defense_wait_free.o
		.data             16ea70             540 Data/link_normal_down_slope_slip.o
		.data             16efb0             a00 Data/link_normal_down_slope_slip_end.o
		.data             16f9b0             a00 Data/link_normal_down_slope_slip_end_free.o
		.data             1703b0             a00 Data/link_normal_down_slope_slip_end_long.o
		.data             170db0             da0 Data/link_normal_electric_shock.o
		.data             171b50            3b30 Data/link_normal_electric_shock_end.o
		.data             175680            1360 Data/link_normal_fall.o
		.data             1769e0            2d10 Data/link_normal_fall_up.o
		.data             1796f0            1ff0 Data/link_normal_fall_up_free.o
		.data             17b6e0            1ff0 Data/link_normal_fall_wait.o
		.data             17d6d0             a80 Data/link_normal_fighter2free.o
		.data             17e150             a80 Data/link_normal_free2bom.o
		.data             17ebd0             a80 Data/link_normal_free2fighter_free.o
		.data             17f650             a80 Data/link_normal_free2free.o
		.data             1800d0             a80 Data/link_normal_free2freeB.o
		.data             180b50             2a0 Data/link_normal_front_downA.o
		.data             180df0             650 Data/link_normal_front_downB.o
		.data             181440            1470 Data/link_normal_front_down_wake.o
		.data             1828b0             860 Data/link_normal_front_hit.o
		.data             183110             430 Data/link_normal_front_shit.o
		.data             183540             430 Data/link_normal_front_shitR.o
		.data             183970            18a0 Data/link_normal_give_other.o
		.data             185210             5d0 Data/link_normal_hang_up_down.o
		.data             1857e0            83f0 Data/link_normal_heavy_carry.o
		.data             18dbd0             a00 Data/link_normal_heavy_carry_end.o
		.data             18e5d0             a80 Data/link_normal_heavy_run.o
		.data             18f050             a80 Data/link_normal_heavy_run_free.o
		.data             18fad0             eb0 Data/link_normal_hip_down.o
		.data             190980             eb0 Data/link_normal_hip_down_free.o
		.data             191830             eb0 Data/link_normal_hip_down_long.o
		.data             1926e0             860 Data/link_normal_ice_down.o
		.data             192f40             4c0 Data/link_normal_jump.o
		.data             193400             650 Data/link_normal_jump2landing.o
		.data             193a50             970 Data/link_normal_jump_climb_hold.o
		.data             1943c0             970 Data/link_normal_jump_climb_hold_free.o
		.data             194d30            13f0 Data/link_normal_jump_climb_up.o
		.data             196120            13f0 Data/link_normal_jump_climb_up_free.o
		.data             197510            2640 Data/link_normal_jump_climb_wait.o
		.data             199b50            25b0 Data/link_normal_jump_climb_wait_free.o
		.data             19c100            12e0 Data/link_normal_jump_up.o
		.data             19d3e0             b00 Data/link_normal_landing.o
		.data             19dee0             b00 Data/link_normal_landing_free.o
		.data             19e9e0            10c0 Data/link_normal_landing_roll.o
		.data             19faa0            10c0 Data/link_normal_landing_roll_free.o
		.data             1a0b60             a80 Data/link_normal_landing_wait.o
		.data             1a15e0             650 Data/link_normal_light_bom.o
		.data             1a1c30             a00 Data/link_normal_light_bom_end.o
		.data             1a2630             a80 Data/link_normal_long2bom.o
		.data             1a30b0             4c0 Data/link_normal_nocarry_free.o
		.data             1a3570             3b0 Data/link_normal_nocarry_free_end.o
		.data             1a3920             2a0 Data/link_normal_nocarry_free_wait.o
		.data             1a3bc0             a80 Data/link_normal_normal2bom.o
		.data             1a4640             a80 Data/link_normal_normal2fighter.o
		.data             1a50c0             a80 Data/link_normal_normal2fighter_free.o
		.data             1a5b40             a80 Data/link_normal_normal2free.o
		.data             1a65c0             650 Data/link_normal_okarina_end.o
		.data             1a6c10             650 Data/link_normal_okarina_start.o
		.data             1a7260            23a0 Data/link_normal_okarina_swing.o
		.data             1a9600             860 Data/link_normal_pull_end.o
		.data             1a9e60             860 Data/link_normal_pull_end_free.o
		.data             1aa6c0             860 Data/link_normal_pull_start.o
		.data             1aaf20             860 Data/link_normal_pull_start_free.o
		.data             1ab780            1040 Data/link_normal_pulling.o
		.data             1ac7c0            1040 Data/link_normal_pulling_free.o
		.data             1ad800             860 Data/link_normal_push_end.o
		.data             1ae060             a00 Data/link_normal_push_fall.o
		.data             1aea60             860 Data/link_normal_push_start.o
		.data             1af2c0             540 Data/link_normal_push_wait.o
		.data             1af800             5d0 Data/link_normal_push_wait_end.o
		.data             1afdd0            1040 Data/link_normal_pushing.o
		.data             1b0e10             b00 Data/link_normal_put.o
		.data             1b1910             7e0 Data/link_normal_put_free.o
		.data             1b20f0             4c0 Data/link_normal_re_dead_attack.o
		.data             1b25b0             5d0 Data/link_normal_re_dead_attack_wait.o
		.data             1b2b80             a80 Data/link_normal_rebound.o
		.data             1b3600             a80 Data/link_normal_run.o
		.data             1b4080             a80 Data/link_normal_run_free.o
		.data             1b4b00             6d0 Data/link_normal_run_jump.o
		.data             1b51d0             a00 Data/link_normal_run_jump_end.o
		.data             1b5bd0            1040 Data/link_normal_run_jump_water_fall.o
		.data             1b6c10             6d0 Data/link_normal_run_jump_water_fall_wait.o
		.data             1b72e0             860 Data/link_normal_short_landing.o
		.data             1b7b40             860 Data/link_normal_short_landing_free.o
		.data             1b83a0             f30 Data/link_normal_side_walk.o
		.data             1b92d0             860 Data/link_normal_side_walkL_free.o
		.data             1b9b30             860 Data/link_normal_side_walkR_free.o
		.data             1ba390             f30 Data/link_normal_side_walk_free.o
		.data             1bb2c0            13f0 Data/link_normal_take_out.o
		.data             1bc6b0             3b0 Data/link_normal_talk_free.o
		.data             1bca60            11d0 Data/link_normal_talk_free_wait.o
		.data             1bdc30             7e0 Data/link_normal_talk_navi.o
		.data             1be410            12e0 Data/link_normal_talk_navi_wait.o
		.data             1bf6f0             b00 Data/link_normal_throw.o
		.data             1c01f0             b00 Data/link_normal_throw_free.o
		.data             1c0cf0             540 Data/link_normal_up_slope_slip.o
		.data             1c1230             a00 Data/link_normal_up_slope_slip_end.o
		.data             1c1c30             a00 Data/link_normal_up_slope_slip_end_free.o
		.data             1c2630             a00 Data/link_normal_up_slope_slip_end_long.o
		.data             1c3030            2ea0 Data/link_normal_wait.o
		.data             1c5ed0             330 Data/link_normal_wait2waitL.o
		.data             1c6200             330 Data/link_normal_wait2waitR.o
		.data             1c6530            6050 Data/link_normal_waitF_typeA_20f.o
		.data             1cc580            61f0 Data/link_normal_waitF_typeB_20f.o
		.data             1d2770            68b0 Data/link_normal_waitF_typeC_20f.o
		.data             1d9020             6d0 Data/link_normal_waitL2wait.o
		.data             1d96f0             f30 Data/link_normal_waitL_free.o
		.data             1da620             6d0 Data/link_normal_waitR2wait.o
		.data             1dacf0             f30 Data/link_normal_waitR_free.o
		.data             1dbc20            2ea0 Data/link_normal_wait_free.o
		.data             1deac0            6050 Data/link_normal_wait_typeA_20f.o
		.data             1e4b10            61f0 Data/link_normal_wait_typeB_20f.o
		.data             1ead00            68b0 Data/link_normal_wait_typeC_20f.o
		.data             1f15b0            3aa0 Data/link_normal_wakeup.o
		.data             1f5050             f30 Data/link_normal_walk.o
		.data             1f5f80             5d0 Data/link_normal_walk_endL.o
		.data             1f6550             5d0 Data/link_normal_walk_endL_free.o
		.data             1f6b20             5d0 Data/link_normal_walk_endR.o
		.data             1f70f0             5d0 Data/link_normal_walk_endR_free.o
		.data             1f76c0             f30 Data/link_normal_walk_free.o
		.data             1f85f0            1790 Data/link_okarina_warp_goal.o
		.data             1f9d80            29e0 Data/link_okiru_demo.o
		.data             1fc760             6d0 Data/link_shagamu_demo.o
		.data             1fce30            29e0 Data/link_silver_carry.o
		.data             1ff810            1040 Data/link_silver_throw.o
		.data             200850            2530 Data/link_silver_wait.o
		.data             202d80            11d0 Data/link_swimer_Lside_swim.o
		.data             203f50            11d0 Data/link_swimer_Rside_swim.o
		.data             205120            1470 Data/link_swimer_back_swim.o
		.data             206590             e30 Data/link_swimer_land2swim_wait.o
		.data             2073c0             f30 Data/link_swimer_swim.o
		.data             2082f0            2290 Data/link_swimer_swim_15step_up.o
		.data             20a580             a80 Data/link_swimer_swim_dead.o
		.data             20b000            10c0 Data/link_swimer_swim_deep_end.o
		.data             20c0c0            1a30 Data/link_swimer_swim_deep_start.o
		.data             20daf0            5d30 Data/link_swimer_swim_down.o
		.data             213820             650 Data/link_swimer_swim_get.o
		.data             213e70             540 Data/link_swimer_swim_hit.o
		.data             2143b0            1820 Data/link_swimer_swim_wait.o
		.data             215bd0             540 Data/link_swimer_wait2swim_wait.o
		.data             216110             c90 Data/link_uma_anim_fastrun.o
		.data             216da0             c90 Data/link_uma_anim_fastrun_muti.o
		.data             217a30             c10 Data/link_uma_anim_jump100.o
		.data             218640             fc0 Data/link_uma_anim_jump200.o
		.data             219600             f30 Data/link_uma_anim_slowrun.o
		.data             21a530             f30 Data/link_uma_anim_slowrun_muti.o
		.data             21b460            1150 Data/link_uma_anim_stand.o
		.data             21c5b0            2210 Data/link_uma_anim_stop.o
		.data             21e7c0            1260 Data/link_uma_anim_walk.o
		.data             21fa20            1260 Data/link_uma_anim_walk2.o
		.data             220c80            1260 Data/link_uma_anim_walk_muti.o
		.data             221ee0            2210 Data/link_uma_left_down.o
		.data             2240f0            24b0 Data/link_uma_left_up.o
		.data             2265a0            1920 Data/link_uma_right_down.o
		.data             227ec0            26c0 Data/link_uma_right_up.o
		.data             22a580            2750 Data/link_uma_stop_muti.o
		.data             22ccd0            6ce0 Data/link_uma_wait_1.o
		.data             2339b0            6620 Data/link_uma_wait_2.o
		.data             239fd0             fc0 Data/link_uma_wait_3.o
		.data             23af90            12e0 Data/link_waitF_heat1_20f.o
		.data             23c270             c90 Data/link_waitF_heat2_20f.o
		.data             23cf00            2f20 Data/link_waitF_itemA_20f.o
		.data             23fe20            3460 Data/link_waitF_itemB_20f.o
		.data             243280            4840 Data/link_waitF_typeD_20f.o
		.data             247ac0            1260 Data/link_wait_heat1_20f.o
		.data             248d20             d20 Data/link_wait_heat2_20f.o
		.data             249a40            2f20 Data/link_wait_itemA_20f.o
		.data             24c960            3460 Data/link_wait_itemB_20f.o
		.data             24fdc0            30b0 Data/link_wait_itemC_20f.o
		.data             252e70            24b0 Data/link_wait_itemD1_20f.o
		.data             255320            3890 Data/link_wait_itemD2_20f.o
		.data             258bb0            4840 Data/link_wait_typeD_20f.o
		.data             25d3f0            1790 Data/lkt_nwait.o
		.data             25eb80             a80 Data/nw_modoru.o
		.data             25f600             a80 Data/o_get_ato.o
		.data             260080            1a30 Data/o_get_mae.o
		.data             261ab0             fc0 Data/om_get.o
		.data             262a70            1a30 Data/om_get_mae.o
		.data             2644a0            1790 Data/sude_nwait.o

.strtab                                0            4945
		.strtab                0            4945 *ld_internal*

.symtab                                0            23f0
		.symtab                0            23f0 *ld_internal*

.mdebug                                0           20f78
		.mdebug                0           20f78 *ld_internal*

.shstrtab                              0              40
		.shstrtab              0              40 *ld_internal*
