		LINK EDITOR MEMORY MAP


output		input		virtual
section		section		address		size

.MIPS.options                          0              28
		.MIPS.options          0              28 *ld_internal*

.reginfo                               0              18
		.reginfo               0              18 *ld_internal*

.data                                  0            7890
		.data                  0            2000 room_info.o
		.data               2000              20 spot10_3_shape.o
		.data               2020            4ec0 spot10_grp_spot10_4.o
		.data               6ee0             9b0 spot10_grp_spot10_4T.o

.strtab                                0             1ce
		.strtab                0             1ce *ld_internal*

.symtab                                0             150
		.symtab                0             150 *ld_internal*

.mdebug                                0             f50
		.mdebug                0             f50 *ld_internal*

.rel.data                              0             270
		.rel.data              0              20 spot10_3_shape.o
		.rel.data             20             228 spot10_grp_spot10_4.o
		.rel.data            248              28 spot10_grp_spot10_4T.o

.shstrtab                              0              4a
		.shstrtab              0              4a *ld_internal*
