		LINK EDITOR MEMORY MAP


output		input		virtual
section		section		address		size

.MIPS.options                          0              28
		.MIPS.options          0              28 *ld_internal*

.reginfo                               0              18
		.reginfo               0              18 *ld_internal*

.data                                  0            9360
		.data                  0            2000 room_info.o
		.data               2000              20 MIZUsinDD_15_shape.o
		.data               2020            7340 MIZUsin_grp_Wat0f.o

.strtab                                0              8f
		.strtab                0              8f *ld_internal*

.symtab                                0              80
		.symtab                0              80 *ld_internal*

.mdebug                                0             718
		.mdebug                0             718 *ld_internal*

.rel.data                              0             340
		.rel.data              0              18 MIZUsinDD_15_shape.o
		.rel.data             18             328 MIZUsin_grp_Wat0f.o

.shstrtab                              0              4a
		.shstrtab              0              4a *ld_internal*
