		LINK EDITOR MEMORY MAP


output		input		virtual
section		section		address		size

.MIPS.options                          0              28
		.MIPS.options          0              28 *ld_internal*

.reginfo                               0              18
		.reginfo               0              18 *ld_internal*

.data                                  0            af30
		.data                  0            2000 room_info.o
		.data               2000              20 ganontika_8_shape.o
		.data               2020            7bb0 ganontika_grp_gat08_00.o
		.data               9bd0            1360 ganontika_grp_gat08_00T.o

.strtab                                0             111
		.strtab                0             111 *ld_internal*

.symtab                                0              d0
		.symtab                0              d0 *ld_internal*

.mdebug                                0             bb0
		.mdebug                0             bb0 *ld_internal*

.rel.data                              0             368
		.rel.data              0              20 ganontika_8_shape.o
		.rel.data             20             328 ganontika_grp_gat08_00.o
		.rel.data            348              20 ganontika_grp_gat08_00T.o

.shstrtab                              0              4a
		.shstrtab              0              4a *ld_internal*
