		LINK EDITOR MEMORY MAP


output		input		virtual
section		section		address		size

.MIPS.options                          0              28
		.MIPS.options          0              28 *ld_internal*

.reginfo                               0              18
		.reginfo               0              18 *ld_internal*

.data                                  0            ca70
		.data                  0             130 jyasinzou_dd_0_info.o
		.data                130              20 jyasinzou_dd_0_shape.o
		.data                150            bb10 jyasinzou_dd_grp_jya00_00.o
		.data               bc60             e10 jyasinzou_dd_grp_jya00_00T.o

.strtab                                0             1b4
		.strtab                0             1b4 *ld_internal*

.symtab                                0             130
		.symtab                0             130 *ld_internal*

.mdebug                                0            13a8
		.mdebug                0            13a8 *ld_internal*

.rel.data                              0             560
		.rel.data              0              18 jyasinzou_dd_0_info.o
		.rel.data             18              20 jyasinzou_dd_0_shape.o
		.rel.data             38             4c8 jyasinzou_dd_grp_jya00_00.o
		.rel.data            500              60 jyasinzou_dd_grp_jya00_00T.o

.shstrtab                              0              4a
		.shstrtab              0              4a *ld_internal*
