		LINK EDITOR MEMORY MAP


output		input		virtual
section		section		address		size

.MIPS.options                          0              28
		.MIPS.options          0              28 *ld_internal*

.reginfo                               0              18
		.reginfo               0              18 *ld_internal*

.text                                  0           159a0
		.text                  0            2400 z_kaleido_collect.o
		.text               2400            1fb0 z_kaleido_debug.o
		.text               43b0            1a80 z_kaleido_equipment.o
		.text               5e30            1ff0 z_kaleido_item.o
		.text               7e20            32e0 z_kaleido_map.o
		.text               b100             200 z_kaleido_save.o
		.text               b300            9fe0 z_kaleido_scope.o
		.text              152e0             6c0 z_lmap_mark.o

.rodata                                0             500
		.rodata                0              e0 z_kaleido_debug.o
		.rodata               e0              10 z_kaleido_equipment.o
		.rodata               f0             2e0 z_kaleido_scope.o
		.rodata              3d0              b0 z_lmap_mark.o
		.rodata              480              80 z_lmap_mark_data.o

.data                                  0            51f0
		.data                  0             1b0 z_kaleido_collect.o
		.data                1b0             1d0 z_kaleido_debug.o
		.data                380              30 z_kaleido_equipment.o
		.data                3b0              70 z_kaleido_item.o
		.data                420             250 z_kaleido_map.o
		.data                670              10 z_kaleido_save.o
		.data                680             9c0 z_kaleido_scope.o
		.data               1040              50 z_lmap_mark.o
		.data               1090            4160 z_lmap_mark_data.o

.bss                                   0              70
		.bss                   0              70 z_kaleido_scope.o

.strtab                                0            140e
		.strtab                0            140e *ld_internal*

.symtab                                0            1540
		.symtab                0            1540 *ld_internal*

.mdebug                                0           7250c
		.mdebug                0           7250c *ld_internal*

.rel.text                              0            4f68
		.rel.text              0             980 z_kaleido_collect.o
		.rel.text            980             908 z_kaleido_debug.o
		.rel.text           1288             798 z_kaleido_equipment.o
		.rel.text           1a20             6c0 z_kaleido_item.o
		.rel.text           20e0             768 z_kaleido_map.o
		.rel.text           2848              90 z_kaleido_save.o
		.rel.text           28d8            24a8 z_kaleido_scope.o
		.rel.text           4d80             1e8 z_lmap_mark.o

.rel.rodata                            0             598
		.rel.rodata            0             508 z_kaleido_scope.o
		.rel.rodata          508              90 z_lmap_mark.o

.rel.data                              0             aa8
		.rel.data              0              28 z_kaleido_collect.o
		.rel.data             28             230 z_kaleido_map.o
		.rel.data            258             708 z_kaleido_scope.o
		.rel.data            960              10 z_lmap_mark.o
		.rel.data            970             138 z_lmap_mark_data.o

.shstrtab                              0              73
		.shstrtab              0              73 *ld_internal*
