		LINK EDITOR MEMORY MAP


output		input		virtual
section		section		address		size

.MIPS.options                          0              28
		.MIPS.options          0              28 *ld_internal*

.reginfo                               0              18
		.reginfo               0              18 *ld_internal*

.data                                  0            4fa0
		.data                  0              d0 Bmori1_16_info.o
		.data                 d0              20 Bmori1_16_shape.o
		.data                 f0            4eb0 Bmori1_grp_mor10_00.o

.strtab                                0              b5
		.strtab                0              b5 *ld_internal*

.symtab                                0              a0
		.symtab                0              a0 *ld_internal*

.mdebug                                0             5ec
		.mdebug                0             5ec *ld_internal*

.rel.data                              0             3c8
		.rel.data              0              18 Bmori1_16_info.o
		.rel.data             18              18 Bmori1_16_shape.o
		.rel.data             30             398 Bmori1_grp_mor10_00.o

.shstrtab                              0              4a
		.shstrtab              0              4a *ld_internal*
