		LINK EDITOR MEMORY MAP


output		input		virtual
section		section		address		size

.MIPS.options                          0              28
		.MIPS.options          0              28 *ld_internal*

.reginfo                               0              18
		.reginfo               0              18 *ld_internal*

.data                                  0            65e0
		.data                  0              b0 jyasinzouDD_24_info.o
		.data                 b0              b0 jyasinzou_24_info.o
		.data                160              50 jyasinzouDD_24_shape.o
		.data                1b0              30 jyasinzouDD_24_info_d0.o
		.data                1e0              30 jyasinzouDD_24_info_d1.o
		.data                210              30 jyasinzou_24_info_d0.o
		.data                240              30 jyasinzou_24_info_d1.o
		.data                270            51e0 jyasinzou_grp_jya18_00.o
		.data               5450            1190 jyasinzou_grp_jya18_00T.o

.strtab                                0             1dd
		.strtab                0             1dd *ld_internal*

.symtab                                0             150
		.symtab                0             150 *ld_internal*

.mdebug                                0            1114
		.mdebug                0            1114 *ld_internal*

.rel.data                              0             2a8
		.rel.data              0              18 jyasinzouDD_24_info.o
		.rel.data             18              18 jyasinzou_24_info.o
		.rel.data             30              38 jyasinzouDD_24_shape.o
		.rel.data             68               8 jyasinzouDD_24_info_d0.o
		.rel.data             70               8 jyasinzouDD_24_info_d1.o
		.rel.data             78               8 jyasinzou_24_info_d0.o
		.rel.data             80               8 jyasinzou_24_info_d1.o
		.rel.data             88             200 jyasinzou_grp_jya18_00.o
		.rel.data            288              20 jyasinzou_grp_jya18_00T.o

.shstrtab                              0              4a
		.shstrtab              0              4a *ld_internal*
