		LINK EDITOR MEMORY MAP


output		input		virtual
section		section		address		size

.MIPS.options                          0              28
		.MIPS.options          0              28 *ld_internal*

.reginfo                               0              18
		.reginfo               0              18 *ld_internal*

.data                                  0            3e20
		.data                  0             190 test01_main_info.o
		.data                190            3c90 test01_bgc.o

.strtab                                0              5f
		.strtab                0              5f *ld_internal*

.symtab                                0              60
		.symtab                0              60 *ld_internal*

.mdebug                                0             378
		.mdebug                0             378 *ld_internal*

.rel.data                              0              60
		.rel.data              0              38 test01_main_info.o
		.rel.data             38              28 test01_bgc.o

.shstrtab                              0              4a
		.shstrtab              0              4a *ld_internal*
