		LINK EDITOR MEMORY MAP


output		input		virtual
section		section		address		size

.MIPS.options                          0              28
		.MIPS.options          0              28 *ld_internal*

.reginfo                               0              18
		.reginfo               0              18 *ld_internal*

.data                                  0           10d80
		.data                  0           10d80 zl2_matsu_mdl.o

.strtab                                0             3b4
		.strtab                0             3b4 *ld_internal*

.symtab                                0             3b0
		.symtab                0             3b0 *ld_internal*

.mdebug                                0            12f8
		.mdebug                0            12f8 *ld_internal*

.rel.data                              0             b88
		.rel.data              0             b88 zl2_matsu_mdl.o

.shstrtab                              0              4a
		.shstrtab              0              4a *ld_internal*
