		LINK EDITOR MEMORY MAP


output		input		virtual
section		section		address		size

.MIPS.options                          0              28
		.MIPS.options          0              28 *ld_internal*

.reginfo                               0              18
		.reginfo               0              18 *ld_internal*

.data                                  0            aff0
		.data                  0            2000 room_info.o
		.data               2000              20 fstdan_5_shape.o
		.data               2020            8ae0 fstdan_grp_fda5_00.o
		.data               ab00             4f0 fstdan_grp_fda5_00T.o

.strtab                                0             100
		.strtab                0             100 *ld_internal*

.symtab                                0              f0
		.symtab                0              f0 *ld_internal*

.mdebug                                0             d78
		.mdebug                0             d78 *ld_internal*

.rel.data                              0             4e0
		.rel.data              0              20 fstdan_5_shape.o
		.rel.data             20             478 fstdan_grp_fda5_00.o
		.rel.data            498              48 fstdan_grp_fda5_00T.o

.shstrtab                              0              4a
		.shstrtab              0              4a *ld_internal*
