		LINK EDITOR MEMORY MAP


output		input		virtual
section		section		address		size

.MIPS.options                          0              28
		.MIPS.options          0              28 *ld_internal*

.reginfo                               0              18
		.reginfo               0              18 *ld_internal*

.data                                  0           19980
		.data                  0            2000 room_info.o
		.data               2000              20 Bmori1_8_shape.o
		.data               2020           12ac0 Bmori1_grp_mor08_00.o
		.data              14ae0            4ea0 Bmori1_grp_mor08_00T.o

.strtab                                0             231
		.strtab                0             231 *ld_internal*

.symtab                                0             1e0
		.symtab                0             1e0 *ld_internal*

.mdebug                                0            2038
		.mdebug                0            2038 *ld_internal*

.rel.data                              0             ce0
		.rel.data              0              20 Bmori1_8_shape.o
		.rel.data             20             bb8 Bmori1_grp_mor08_00.o
		.rel.data            bd8             108 Bmori1_grp_mor08_00T.o

.shstrtab                              0              4a
		.shstrtab              0              4a *ld_internal*
