		LINK EDITOR MEMORY MAP


output		input		virtual
section		section		address		size

.MIPS.options                          0              28
		.MIPS.options          0              28 *ld_internal*

.reginfo                               0              18
		.reginfo               0              18 *ld_internal*

.data                                  0            90f0
		.data                  0              50 MIZUsin_22_info.o
		.data                 50              b0 MIZUsin_22_shape.o
		.data                100            8ff0 MIZUsin_grp_Watff.o

.strtab                                0             1aa
		.strtab                0             1aa *ld_internal*

.symtab                                0             110
		.symtab                0             110 *ld_internal*

.mdebug                                0            13a8
		.mdebug                0            13a8 *ld_internal*

.rel.data                              0             2b8
		.rel.data              0              10 MIZUsin_22_info.o
		.rel.data             10              60 MIZUsin_22_shape.o
		.rel.data             70             248 MIZUsin_grp_Watff.o

.shstrtab                              0              4a
		.shstrtab              0              4a *ld_internal*
