		LINK EDITOR MEMORY MAP


output		input		virtual
section		section		address		size

.MIPS.options                          0              28
		.MIPS.options          0              28 *ld_internal*

.reginfo                               0              18
		.reginfo               0              18 *ld_internal*

.data                                  0            fff0
		.data                  0              a0 menDD_0_info.o
		.data                 a0              a0 men_0_info.o
		.data                140              50 menDD_0_shape.o
		.data                190            fc10 men_grp_men00_00.o
		.data               fda0             250 men_grp_men00_00T.o

.strtab                                0             10e
		.strtab                0             10e *ld_internal*

.symtab                                0             100
		.symtab                0             100 *ld_internal*

.mdebug                                0             d0c
		.mdebug                0             d0c *ld_internal*

.rel.data                              0             648
		.rel.data              0              18 menDD_0_info.o
		.rel.data             18              18 men_0_info.o
		.rel.data             30              30 menDD_0_shape.o
		.rel.data             60             5c8 men_grp_men00_00.o
		.rel.data            628              20 men_grp_men00_00T.o

.shstrtab                              0              4a
		.shstrtab              0              4a *ld_internal*
