		LINK EDITOR MEMORY MAP


output		input		virtual
section		section		address		size

.MIPS.options                          0              28
		.MIPS.options          0              28 *ld_internal*

.reginfo                               0              18
		.reginfo               0              18 *ld_internal*

.data                                  0            50e0
		.data                  0             6c0 smalltree2.o
		.data                6c0            4a20 treeato.o

.strtab                                0             113
		.strtab                0             113 *ld_internal*

.symtab                                0             160
		.symtab                0             160 *ld_internal*

.mdebug                                0             41c
		.mdebug                0             41c *ld_internal*

.rel.data                              0              98
		.rel.data              0              78 smalltree2.o
		.rel.data             78              20 treeato.o

.shstrtab                              0              4a
		.shstrtab              0              4a *ld_internal*
