		LINK EDITOR MEMORY MAP


output		input		virtual
section		section		address		size

.MIPS.options                          0              28
		.MIPS.options          0              28 *ld_internal*

.reginfo                               0              18
		.reginfo               0              18 *ld_internal*

.data                                  0            7ab0
		.data                  0              d0 hakasitarelay_6_info.o
		.data                 d0              20 hakasitarelay_6_shape.o
		.data                 f0            79c0 hakasitarelay_grp_rel07_00.o

.strtab                                0             107
		.strtab                0             107 *ld_internal*

.symtab                                0              b0
		.symtab                0              b0 *ld_internal*

.mdebug                                0             98c
		.mdebug                0             98c *ld_internal*

.rel.data                              0             310
		.rel.data              0              18 hakasitarelay_6_info.o
		.rel.data             18              18 hakasitarelay_6_shape.o
		.rel.data             30             2e0 hakasitarelay_grp_rel07_00.o

.shstrtab                              0              4a
		.shstrtab              0              4a *ld_internal*
