		LINK EDITOR MEMORY MAP


output		input		virtual
section		section		address		size

.MIPS.options                          0              28
		.MIPS.options          0              28 *ld_internal*

.reginfo                               0              18
		.reginfo               0              18 *ld_internal*

.data                                  0            2630
		.data                  0             340 market_night_main_info.o
		.data                340            22f0 market_night_bgc.o

.strtab                                0              77
		.strtab                0              77 *ld_internal*

.symtab                                0              60
		.symtab                0              60 *ld_internal*

.mdebug                                0             4bc
		.mdebug                0             4bc *ld_internal*

.rel.data                              0              b0
		.rel.data              0              88 market_night_main_info.o
		.rel.data             88              28 market_night_bgc.o

.shstrtab                              0              4a
		.shstrtab              0              4a *ld_internal*
