		LINK EDITOR MEMORY MAP


output		input		virtual
section		section		address		size

.MIPS.options                          0              28
		.MIPS.options          0              28 *ld_internal*

.reginfo                               0              18
		.reginfo               0              18 *ld_internal*

.data                                  0            a200
		.data                  0            2000 room_info.o
		.data               2000              20 ydan_5_shape.o
		.data               2020            81e0 ydan_grp_yda05_00.o

.strtab                                0              62
		.strtab                0              62 *ld_internal*

.symtab                                0              70
		.symtab                0              70 *ld_internal*

.mdebug                                0             72c
		.mdebug                0             72c *ld_internal*

.rel.data                              0             2c0
		.rel.data              0              18 ydan_5_shape.o
		.rel.data             18             2a8 ydan_grp_yda05_00.o

.shstrtab                              0              4a
		.shstrtab              0              4a *ld_internal*
