		LINK EDITOR MEMORY MAP


output		input		virtual
section		section		address		size

.MIPS.options                          0              28
		.MIPS.options          0              28 *ld_internal*

.reginfo                               0              18
		.reginfo               0              18 *ld_internal*

.data                                  0            e3b0
		.data                  0            2000 room_info.o
		.data               2000              20 ice_doukutu_1_shape.o
		.data               2020            9770 ice_doukutu_grp_ice02.o
		.data               b790            2c20 ice_doukutu_grp_ice02T.o

.strtab                                0             1cf
		.strtab                0             1cf *ld_internal*

.symtab                                0             140
		.symtab                0             140 *ld_internal*

.mdebug                                0            12bc
		.mdebug                0            12bc *ld_internal*

.rel.data                              0             2c8
		.rel.data              0              20 ice_doukutu_1_shape.o
		.rel.data             20             1f0 ice_doukutu_grp_ice02.o
		.rel.data            210              b8 ice_doukutu_grp_ice02T.o

.shstrtab                              0              4a
		.shstrtab              0              4a *ld_internal*
