		LINK EDITOR MEMORY MAP


output		input		virtual
section		section		address		size

.MIPS.options                          0              28
		.MIPS.options          0              28 *ld_internal*

.reginfo                               0              18
		.reginfo               0              18 *ld_internal*

.data                                  0            9110
		.data                  0            2000 room_info.o
		.data               2000              20 ydanDD_11_shape.o
		.data               2020            6060 ydan_grp_ydaff_00.o
		.data               8080            1090 ydan_grp_ydaff_00T.o

.strtab                                0              7f
		.strtab                0              7f *ld_internal*

.symtab                                0              80
		.symtab                0              80 *ld_internal*

.mdebug                                0             70c
		.mdebug                0             70c *ld_internal*

.rel.data                              0             1c8
		.rel.data              0              20 ydanDD_11_shape.o
		.rel.data             20             178 ydan_grp_ydaff_00.o
		.rel.data            198              30 ydan_grp_ydaff_00T.o

.shstrtab                              0              4a
		.shstrtab              0              4a *ld_internal*
