		LINK EDITOR MEMORY MAP


output		input		virtual
section		section		address		size

.MIPS.options                          0              28
		.MIPS.options          0              28 *ld_internal*

.reginfo                               0              18
		.reginfo               0              18 *ld_internal*

.data                                  0            2170
		.data                  0            2170 ny.o

.strtab                                0              4d
		.strtab                0              4d *ld_internal*

.symtab                                0              70
		.symtab                0              70 *ld_internal*

.mdebug                                0             2e8
		.mdebug                0             2e8 *ld_internal*

.rel.data                              0              88
		.rel.data              0              88 ny.o

.shstrtab                              0              4a
		.shstrtab              0              4a *ld_internal*
