		LINK EDITOR MEMORY MAP


output		input		virtual
section		section		address		size

.MIPS.options                          0              28
		.MIPS.options          0              28 *ld_internal*

.reginfo                               0              18
		.reginfo               0              18 *ld_internal*

.data                                  0            8a90
		.data                  0            2000 room_info.o
		.data               2000              20 ganontika_10_shape.o
		.data               2020            6a70 ganontika_grp_gat0a_00.o

.strtab                                0             169
		.strtab                0             169 *ld_internal*

.symtab                                0             100
		.symtab                0             100 *ld_internal*

.mdebug                                0             c80
		.mdebug                0             c80 *ld_internal*

.rel.data                              0             3b8
		.rel.data              0              18 ganontika_10_shape.o
		.rel.data             18             3a0 ganontika_grp_gat0a_00.o

.shstrtab                              0              4a
		.shstrtab              0              4a *ld_internal*
