		LINK EDITOR MEMORY MAP


output		input		virtual
section		section		address		size

.MIPS.options                          0              28
		.MIPS.options          0              28 *ld_internal*

.reginfo                               0              18
		.reginfo               0              18 *ld_internal*

.data                                  0            b770
		.data                  0            2000 room_info.o
		.data               2000              20 ydanDD_9_shape.o
		.data               2020            6b30 ydan_grp_yda09_00.o
		.data               8b50            2c20 ydan_grp_yda09_00T.o

.strtab                                0              c0
		.strtab                0              c0 *ld_internal*

.symtab                                0              c0
		.symtab                0              c0 *ld_internal*

.mdebug                                0             c90
		.mdebug                0             c90 *ld_internal*

.rel.data                              0             290
		.rel.data              0              20 ydanDD_9_shape.o
		.rel.data             20             1e0 ydan_grp_yda09_00.o
		.rel.data            200              90 ydan_grp_yda09_00T.o

.shstrtab                              0              4a
		.shstrtab              0              4a *ld_internal*
