		LINK EDITOR MEMORY MAP


output		input		virtual
section		section		address		size

.MIPS.options                          0              28
		.MIPS.options          0              28 *ld_internal*

.reginfo                               0              18
		.reginfo               0              18 *ld_internal*

.data                                  0            ae10
		.data                  0             1c0 Bmori1DD_11_info.o
		.data                1c0             1c0 Bmori1_11_info.o
		.data                380              90 Bmori1DD_11_shape.o
		.data                410            a7c0 Bmori1_grp_mor0b_00.o
		.data               abd0             240 Bmori1_grp_mor0b_00T.o

.strtab                                0             18f
		.strtab                0             18f *ld_internal*

.symtab                                0             140
		.symtab                0             140 *ld_internal*

.mdebug                                0            1058
		.mdebug                0            1058 *ld_internal*

.rel.data                              0             808
		.rel.data              0              18 Bmori1DD_11_info.o
		.rel.data             18              18 Bmori1_11_info.o
		.rel.data             30              50 Bmori1DD_11_shape.o
		.rel.data             80             770 Bmori1_grp_mor0b_00.o
		.rel.data            7f0              18 Bmori1_grp_mor0b_00T.o

.shstrtab                              0              4a
		.shstrtab              0              4a *ld_internal*
