		LINK EDITOR MEMORY MAP


output		input		virtual
section		section		address		size

.MIPS.options                          0              28
		.MIPS.options          0              28 *ld_internal*

.reginfo                               0              18
		.reginfo               0              18 *ld_internal*

.data                                  0            4fd0
		.data                  0            2000 room_info.o
		.data               2000              20 bdan_boss_0_shape.o
		.data               2020            27d0 bdan_boss_grp_bda05_00.o
		.data               47f0             7e0 bdan_boss_grp_bda05_00T.o

.strtab                                0              83
		.strtab                0              83 *ld_internal*

.symtab                                0              70
		.symtab                0              70 *ld_internal*

.mdebug                                0             70c
		.mdebug                0             70c *ld_internal*

.rel.data                              0              c8
		.rel.data              0              20 bdan_boss_0_shape.o
		.rel.data             20              80 bdan_boss_grp_bda05_00.o
		.rel.data             a0              28 bdan_boss_grp_bda05_00T.o

.shstrtab                              0              4a
		.shstrtab              0              4a *ld_internal*
