		LINK EDITOR MEMORY MAP


output		input		virtual
section		section		address		size

.MIPS.options                          0              28
		.MIPS.options          0              28 *ld_internal*

.reginfo                               0              18
		.reginfo               0              18 *ld_internal*

.data                                  0            a070
		.data                  0            2000 room_info.o
		.data               2000              20 souko_2_shape.o
		.data               2020            79b0 souko_grp_sou_02.o
		.data               99d0             6a0 souko_grp_sou_02T.o

.strtab                                0             14c
		.strtab                0             14c *ld_internal*

.symtab                                0             130
		.symtab                0             130 *ld_internal*

.mdebug                                0            10c8
		.mdebug                0            10c8 *ld_internal*

.rel.data                              0             468
		.rel.data              0              20 souko_2_shape.o
		.rel.data             20             400 souko_grp_sou_02.o
		.rel.data            420              48 souko_grp_sou_02T.o

.shstrtab                              0              4a
		.shstrtab              0              4a *ld_internal*
