		LINK EDITOR MEMORY MAP


output		input		virtual
section		section		address		size

.MIPS.options                          0              28
		.MIPS.options          0              28 *ld_internal*

.reginfo                               0              18
		.reginfo               0              18 *ld_internal*

.data                                  0            6950
		.data                  0              b0 ganontika_11_info.o
		.data                 b0              b0 ganontika_11_shape.o
		.data                160            67f0 ganontika_grp_gat0b_00.o

.strtab                                0             1aa
		.strtab                0             1aa *ld_internal*

.symtab                                0             140
		.symtab                0             140 *ld_internal*

.mdebug                                0            11cc
		.mdebug                0            11cc *ld_internal*

.rel.data                              0             3d8
		.rel.data              0              18 ganontika_11_info.o
		.rel.data             18              60 ganontika_11_shape.o
		.rel.data             78             360 ganontika_grp_gat0b_00.o

.shstrtab                              0              4a
		.shstrtab              0              4a *ld_internal*
