		LINK EDITOR MEMORY MAP


output		input		virtual
section		section		address		size

.MIPS.options                          0              28
		.MIPS.options          0              28 *ld_internal*

.reginfo                               0              18
		.reginfo               0              18 *ld_internal*

.data                                  0            70d0
		.data                  0              50 fstdan_8_info.o
		.data                 50              20 fstdan_8_shape.o
		.data                 70            6ec0 fstdan_grp_fda8_00.o
		.data               6f30             1a0 fstdan_grp_fda8_00T.o

.strtab                                0              d8
		.strtab                0              d8 *ld_internal*

.symtab                                0              d0
		.symtab                0              d0 *ld_internal*

.mdebug                                0             a38
		.mdebug                0             a38 *ld_internal*

.rel.data                              0             260
		.rel.data              0              10 fstdan_8_info.o
		.rel.data             10              20 fstdan_8_shape.o
		.rel.data             30             218 fstdan_grp_fda8_00.o
		.rel.data            248              18 fstdan_grp_fda8_00T.o

.shstrtab                              0              4a
		.shstrtab              0              4a *ld_internal*
