		LINK EDITOR MEMORY MAP


output		input		virtual
section		section		address		size

.MIPS.options                          0              28
		.MIPS.options          0              28 *ld_internal*

.reginfo                               0              18
		.reginfo               0              18 *ld_internal*

.data                                  0           19a40
		.data                  0            2000 room_info.o
		.data               2000              20 jyasinzou_5_shape.o
		.data               2020           15ee0 jyasinzou_grp_jya05_00.o
		.data              17f00            1b40 jyasinzou_grp_jya05_00T.o

.strtab                                0             2ce
		.strtab                0             2ce *ld_internal*

.symtab                                0             230
		.symtab                0             230 *ld_internal*

.mdebug                                0            2bd8
		.mdebug                0            2bd8 *ld_internal*

.rel.data                              0             ec0
		.rel.data              0              20 jyasinzou_5_shape.o
		.rel.data             20             e60 jyasinzou_grp_jya05_00.o
		.rel.data            e80              40 jyasinzou_grp_jya05_00T.o

.shstrtab                              0              4a
		.shstrtab              0              4a *ld_internal*
