		LINK EDITOR MEMORY MAP


output		input		virtual
section		section		address		size

.MIPS.options                          0              28
		.MIPS.options          0              28 *ld_internal*

.reginfo                               0              18
		.reginfo               0              18 *ld_internal*

.data                                  0            b9e0
		.data                  0             170 HIDANDD_16_info.o
		.data                170              50 HIDANDD_16_shape.o
		.data                1c0            b820 HIDAN_grp_Hid10.o

.strtab                                0             157
		.strtab                0             157 *ld_internal*

.symtab                                0             110
		.symtab                0             110 *ld_internal*

.mdebug                                0             c38
		.mdebug                0             c38 *ld_internal*

.rel.data                              0             8a0
		.rel.data              0              18 HIDANDD_16_info.o
		.rel.data             18              30 HIDANDD_16_shape.o
		.rel.data             48             858 HIDAN_grp_Hid10.o

.shstrtab                              0              4a
		.shstrtab              0              4a *ld_internal*
