		LINK EDITOR MEMORY MAP


output		input		virtual
section		section		address		size

.MIPS.options                          0              28
		.MIPS.options          0              28 *ld_internal*

.reginfo                               0              18
		.reginfo               0              18 *ld_internal*

.data                                  0            3830
		.data                  0              90 bdan_10_info.o
		.data                 90              20 bdan_10_shape.o
		.data                 b0              70 bdan_10_info_d0.o
		.data                120            3710 bdan_grp_bda0a_00.o

.strtab                                0             1cb
		.strtab                0             1cb *ld_internal*

.symtab                                0             1c0
		.symtab                0             1c0 *ld_internal*

.mdebug                                0            1fc0
		.mdebug                0            1fc0 *ld_internal*

.rel.data                              0             4e0
		.rel.data              0              28 bdan_10_info.o
		.rel.data             28              18 bdan_10_shape.o
		.rel.data             40              18 bdan_10_info_d0.o
		.rel.data             58             488 bdan_grp_bda0a_00.o

.shstrtab                              0              4a
		.shstrtab              0              4a *ld_internal*
