		LINK EDITOR MEMORY MAP


output		input		virtual
section		section		address		size

.MIPS.options                          0              28
		.MIPS.options          0              28 *ld_internal*

.reginfo                               0              18
		.reginfo               0              18 *ld_internal*

.data                                  0             d30
		.data                  0             d30 gi_bow.o

.strtab                                0              23
		.strtab                0              23 *ld_internal*

.symtab                                0              40
		.symtab                0              40 *ld_internal*

.mdebug                                0             174
		.mdebug                0             174 *ld_internal*

.rel.data                              0              58
		.rel.data              0              58 gi_bow.o

.shstrtab                              0              4a
		.shstrtab              0              4a *ld_internal*
