		LINK EDITOR MEMORY MAP


output		input		virtual
section		section		address		size

.MIPS.options                          0              28
		.MIPS.options          0              28 *ld_internal*

.reginfo                               0              18
		.reginfo               0              18 *ld_internal*

.data                                  0            4c00
		.data                  0              f0 FIRE_bs_main_info.o
		.data                 f0            2b10 FIRE_bs_bgc.o
		.data               2c00            2000 FIRE_bs_texture.o

.strtab                                0              fa
		.strtab                0              fa *ld_internal*

.symtab                                0              c0
		.symtab                0              c0 *ld_internal*

.mdebug                                0             540
		.mdebug                0             540 *ld_internal*

.rel.data                              0              78
		.rel.data              0              58 FIRE_bs_main_info.o
		.rel.data             58              20 FIRE_bs_bgc.o

.shstrtab                              0              4a
		.shstrtab              0              4a *ld_internal*
