		LINK EDITOR MEMORY MAP


output		input		virtual
section		section		address		size

.MIPS.options                          0              28
		.MIPS.options          0              28 *ld_internal*

.reginfo                               0              18
		.reginfo               0              18 *ld_internal*

.data                                  0            35d0
		.data                  0            2000 room_info.o
		.data               2000              20 HAKAdan_dd_2_shape.o
		.data               2020            15b0 HAKAdan_dd_grp_Haka04.o

.strtab                                0              f6
		.strtab                0              f6 *ld_internal*

.symtab                                0              b0
		.symtab                0              b0 *ld_internal*

.mdebug                                0             790
		.mdebug                0             790 *ld_internal*

.rel.data                              0              c0
		.rel.data              0              18 HAKAdan_dd_2_shape.o
		.rel.data             18              a8 HAKAdan_dd_grp_Haka04.o

.shstrtab                              0              4a
		.shstrtab              0              4a *ld_internal*
