		LINK EDITOR MEMORY MAP


output		input		virtual
section		section		address		size

.MIPS.options                          0              28
		.MIPS.options          0              28 *ld_internal*

.reginfo                               0              18
		.reginfo               0              18 *ld_internal*

.data                                  0            7d00
		.data                  0            2000 room_info.o
		.data               2000              20 bdan_1_shape.o
		.data               2020            5b20 bdan_grp_bda01_00.o
		.data               7b40             1c0 bdan_grp_bda01_00T.o

.strtab                                0              f4
		.strtab                0              f4 *ld_internal*

.symtab                                0              d0
		.symtab                0              d0 *ld_internal*

.mdebug                                0             76c
		.mdebug                0             76c *ld_internal*

.rel.data                              0             428
		.rel.data              0              20 bdan_1_shape.o
		.rel.data             20             3e0 bdan_grp_bda01_00.o
		.rel.data            400              28 bdan_grp_bda01_00T.o

.shstrtab                              0              4a
		.shstrtab              0              4a *ld_internal*
