		LINK EDITOR MEMORY MAP


output		input		virtual
section		section		address		size

.MIPS.options                          0              28
		.MIPS.options          0              28 *ld_internal*

.reginfo                               0              18
		.reginfo               0              18 *ld_internal*

.data                                  0            3c90
		.data                  0              70 bdanDD_9_info.o
		.data                 70              70 bdan_9_info.o
		.data                 e0              20 bdanDD_9_shape.o
		.data                100              80 bdanDD_9_info_d0.o
		.data                180            3b10 bdan_grp_bda09_00.o

.strtab                                0             1ee
		.strtab                0             1ee *ld_internal*

.symtab                                0             1e0
		.symtab                0             1e0 *ld_internal*

.mdebug                                0            2130
		.mdebug                0            2130 *ld_internal*

.rel.data                              0             508
		.rel.data              0              28 bdanDD_9_info.o
		.rel.data             28              28 bdan_9_info.o
		.rel.data             50              18 bdanDD_9_shape.o
		.rel.data             68              18 bdanDD_9_info_d0.o
		.rel.data             80             488 bdan_grp_bda09_00.o

.shstrtab                              0              4a
		.shstrtab              0              4a *ld_internal*
