		LINK EDITOR MEMORY MAP


output		input		virtual
section		section		address		size

.MIPS.options                          0              28
		.MIPS.options          0              28 *ld_internal*

.reginfo                               0              18
		.reginfo               0              18 *ld_internal*

.data                                  0            1cf0
		.data                  0              b0 tp.o
		.data                 b0            1c40 tp_atama.o

.strtab                                0              97
		.strtab                0              97 *ld_internal*

.symtab                                0              e0
		.symtab                0              e0 *ld_internal*

.mdebug                                0             31c
		.mdebug                0             31c *ld_internal*

.rel.data                              0              68
		.rel.data              0              10 tp.o
		.rel.data             10              58 tp_atama.o

.shstrtab                              0              4a
		.shstrtab              0              4a *ld_internal*
