		LINK EDITOR MEMORY MAP


output		input		virtual
section		section		address		size

.MIPS.options                          0              28
		.MIPS.options          0              28 *ld_internal*

.reginfo                               0              18
		.reginfo               0              18 *ld_internal*

.data                                  0            1760
		.data                  0             330 field_fshot.o
		.data                330             200 field_fshot2.o
		.data                530              80 field_fshot2_bgc.o
		.data                5b0             1b0 field_fshot_bgc.o
		.data                760            1000 tex.o

.strtab                                0              85
		.strtab                0              85 *ld_internal*

.symtab                                0              80
		.symtab                0              80 *ld_internal*

.mdebug                                0             628
		.mdebug                0             628 *ld_internal*

.rel.data                              0              78
		.rel.data              0              20 field_fshot.o
		.rel.data             20              18 field_fshot2.o
		.rel.data             38              20 field_fshot2_bgc.o
		.rel.data             58              20 field_fshot_bgc.o

.shstrtab                              0              4a
		.shstrtab              0              4a *ld_internal*
