		LINK EDITOR MEMORY MAP


output		input		virtual
section		section		address		size

.MIPS.options                          0              28
		.MIPS.options          0              28 *ld_internal*

.reginfo                               0              18
		.reginfo               0              18 *ld_internal*

.data                                  0            1ac0
		.data                  0              b0 HAKAdan_1_info.o
		.data                 b0              20 HAKAdan_1_shape.o
		.data                 d0            19f0 HAKAdan_grp_Haka01.o

.strtab                                0              d8
		.strtab                0              d8 *ld_internal*

.symtab                                0              b0
		.symtab                0              b0 *ld_internal*

.mdebug                                0             790
		.mdebug                0             790 *ld_internal*

.rel.data                              0              c8
		.rel.data              0              18 HAKAdan_1_info.o
		.rel.data             18              18 HAKAdan_1_shape.o
		.rel.data             30              98 HAKAdan_grp_Haka01.o

.shstrtab                              0              4a
		.shstrtab              0              4a *ld_internal*
