		LINK EDITOR MEMORY MAP


output		input		virtual
section		section		address		size

.MIPS.options                          0              28
		.MIPS.options          0              28 *ld_internal*

.reginfo                               0              18
		.reginfo               0              18 *ld_internal*

.data                                  0            7ae0
		.data                  0            2000 room_info.o
		.data               2000              20 jyasinzou_18_shape.o
		.data               2020            4ad0 jyasinzou_grp_jya12_00.o
		.data               6af0             ff0 jyasinzou_grp_jya12_00T.o

.strtab                                0             171
		.strtab                0             171 *ld_internal*

.symtab                                0             120
		.symtab                0             120 *ld_internal*

.mdebug                                0            1208
		.mdebug                0            1208 *ld_internal*

.rel.data                              0             210
		.rel.data              0              20 jyasinzou_18_shape.o
		.rel.data             20             198 jyasinzou_grp_jya12_00.o
		.rel.data            1b8              58 jyasinzou_grp_jya12_00T.o

.shstrtab                              0              4a
		.shstrtab              0              4a *ld_internal*
