		LINK EDITOR MEMORY MAP


output		input		virtual
section		section		address		size

.MIPS.options                          0              28
		.MIPS.options          0              28 *ld_internal*

.reginfo                               0              18
		.reginfo               0              18 *ld_internal*

.data                                  0             640
		.data                  0             640 b_heart.o

.strtab                                0              5b
		.strtab                0              5b *ld_internal*

.symtab                                0              80
		.symtab                0              80 *ld_internal*

.mdebug                                0             1d8
		.mdebug                0             1d8 *ld_internal*

.rel.data                              0              30
		.rel.data              0              30 b_heart.o

.shstrtab                              0              4a
		.shstrtab              0              4a *ld_internal*
