		LINK EDITOR MEMORY MAP


output		input		virtual
section		section		address		size

.MIPS.options                          0              28
		.MIPS.options          0              28 *ld_internal*

.reginfo                               0              18
		.reginfo               0              18 *ld_internal*

.data                                  0            6270
		.data                  0            2000 room_info.o
		.data               2000              20 yousei_izumi_tate_0_shape.o
		.data               2020            3920 yousei_izumi_tate_grp_g2.o
		.data               5940             930 yousei_izumi_tate_grp_g2T.o

.strtab                                0             1f3
		.strtab                0             1f3 *ld_internal*

.symtab                                0             130
		.symtab                0             130 *ld_internal*

.mdebug                                0             9a4
		.mdebug                0             9a4 *ld_internal*

.rel.data                              0             240
		.rel.data              0              20 yousei_izumi_tate_0_shape.o
		.rel.data             20             1c8 yousei_izumi_tate_grp_g2.o
		.rel.data            1e8              58 yousei_izumi_tate_grp_g2T.o

.shstrtab                              0              4a
		.shstrtab              0              4a *ld_internal*
